# ConAttest

set up tftp server to reload optee image through ethernet

Installation
sudo apt-get install tftpd-hpa
sudo service tftpd-hpa status
netstat -a | grep tftp

Configuration
sudo mkdir /tftpboot
sudo cp /etc/default/tftpd-hpa /etc/default/tftpd-hpa.ORIGINAL
sudo vi /etc/default/tftpd-hpa
TFTP_DIRECTORY=”/tftpboot”
TFTP_OPTIONS=”--secure --create”
TFTP_ADDRESS=”:69″

Modify Permissions on TFTP Root Directory
sudo chown -R tftp:nogroup /tftp
service tftpd-hpa restart

Test:

Create a file named test with some content in /tftpboot path of the tftp server
$ ls / > /tftpboot/test
$ sudo chmod -R 777 /tftpboot
$ ls /tftpboot/test -lh
Obtain the ip address of the tftp server using ifconfig command

Now in some other system follow the following steps.
$ tftp 192.168.0.174
tftp> get test
Sent 159 bytes in 0.0 seconds
tftp> quit


SETTING UP NAVIO MAVROS (Download install and open GCS before)
ssh pi@192.168.0.158 // 192.168.0.158 is pi ip

echo "source /opt/ros/kinetic/setup.bash" >> ~/.bashrc
sudo /opt/ros/kinetic/lib/mavros/install_geographiclib_datasets.sh

tmux new -s ros // ctrl b + %; ctrl b + "; ctrl b + o
1st: roscore
2nd: 
sudo vi /etc/default/arducopter // 14550 change to 14650
sudo emlidtool ardupilot // start systemctl service.. OR use sudo systemctl restart arducopter
rosrun mavros mavros_node _fcu_url:=udp://:14650@ _gcs_url:=udp://:14551@192.168.0.146:14550  //192.168.0.146 is my mac ip
3rd:
rostopic echo /mavros/imu/data


BTW: this disables UART, bc UART driver now for other function. changed baud rate also
*** so might be able to directly change the Image and bcmXXX.dtb and include optee? Let's try! NOPE, bcmXXX.dtb does not work, see the snapshot. Image load perfectly though.

let's find out how to enable ardupilot.service

pi@navio:~ $ systemctl status ardupilot.service 
● ardupilot.service - ArduPilot for Linux
   Loaded: error (Reason: Invalid argument)
   Active: inactive (dead)
     Docs: https://docs.emlid.com/navio2/navio-ardupilot/installation-and-running/#autostarting-ardupilot-on-boot

Mar 10 00:09:20 navio systemd[1]: ardupilot.service: Service lacks both ExecStart= and ExecStop= setting. Refusing.
Mar 10 00:09:20 navio systemd[1]: ardupilot.service: Service lacks both ExecStart= and ExecStop= setting. Refusing.
Mar 10 00:09:20 navio systemd[1]: ardupilot.service: Service lacks both ExecStart= and ExecStop= setting. Refusing.

/etc/systemd/system/ardupilot.service
pi@navio:~ $ cat /etc/systemd/system/ardu
arducopter.service  arduplane.service   ardusub.service
ardupilot.service   ardurover.service   

pi@navio:~ $ cat /etc/systemd/system/ardupilot.service 
[Unit]
Description=ArduPilot for Linux
After=systemd-modules-load.service
Documentation=https://docs.emlid.com/navio2/navio-ardupilot/installation-and-running/#autostarting-ardupilot-on-boot
Conflicts=arduplane.service arducopter.service ardurover.service ardusub.service

[Service]
EnvironmentFile=/etc/default/ardupilot

###############################################################################
####### DO NOT EDIT ABOVE THIS LINE UNLESS YOU KNOW WHAT YOU"RE DOING #########
###############################################################################

# Uncomment and modify this line if you want to launch your own binary
#ExecStart=/bin/sh -c "/home/pi/<path>/<to>/<your>/<binary> ${ARDUPILOT_OPTS}"

##### CAUTION ######
# There should be only one uncommented ExecStart in this file

###############################################################################
######## DO NOT EDIT BELOW THIS LINE UNLESS YOU KNOW WHAT YOU"RE DOING ########
###############################################################################

Restart=on-failure

[Install]
WantedBy=multi-user.target

ExecStart=/bin/sh -c "/usr/bin/arducopter ${ARDUPILOT_OPTS}" for arducopter

tftpboot_bk/Image <- this suppose to be native linux for rpi3 from OPTEE
pi@navio:~ $ uname -a
Linux navio 4.6.3-17583-g7d976fc #1 SMP Thu Feb 7 12:51:46 EST 2019 aarch64 GNU/Linux

raspbian: kernel7.img -> Image <- this suppose to be Kernel was updated to 4.14.95
Linux navio 4.6.3-17583-g7d976fc #1 SMP Thu Feb 7 12:51:46 EST 2019 aarch64 GNU/Linux

so i guess this uname -a reads rootfs?

● systemd-modules-load.service - Load Kernel Modules
   Loaded: loaded (/lib/systemd/system/systemd-modules-load.service; static; vendor preset: enabled)
   Active: failed (Result: exit-code) since Tue 2019-03-12 15:48:52 UTC; 7min ago
     Docs: man:systemd-modules-load.service(8)
           man:modules-load.d(5)
  Process: 132 ExecStart=/lib/systemd/systemd-modules-load (code=exited, status=1/FAILURE)
 Main PID: 132 (code=exited, status=1/FAILURE)

Mar 12 15:48:52 navio systemd[1]: systemd-modules-load.service: Main process exited, code=exited, status=1/FAILURE
Mar 12 15:48:52 navio systemd[1]: Failed to start Load Kernel Modules.
Mar 12 15:48:52 navio systemd[1]: systemd-modules-load.service: Unit entered failed state.
Mar 12 15:48:52 navio systemd[1]: systemd-modules-load.service: Failed with result 'exit-code'.
Warning: Journal has been rotated since unit was started. Log output is incomplete or unavailable.

[FAILED] Failed to start Load Kernel Modules.
See 'systemctl status systemd-modules-load.service' for details.
         Starting Apply Kernel Variables...
         Mounting Configuration File System...
         Starting udev Kernel Device Manager...
         Starting Remount Root and Kernel File Systems...

emlid tool is a wrapper to set up ardu* binaries
ardu* binaries needs kernel module in /sys/class/pmw...
check the requirement of installing ardu* on native raspbian image.


/home/osboxes/devel/optee/linux-rt-rpi/arch/arm/boot/dts/overlays/.rcio.dtbo.cmd:
cmd_arch/arm64/boot/dts/broadcom/../overlays/rcio.dtbo := mkdir -p arch/arm64/boot/dts/broadcom/../overlays/ ; /home/osboxes/devel/optee/build/../toolchains/aarch64/bin/aarch64-linux-gnu-gcc -E -Wp,-MD,arch/arm64/boot/dts/broadcom/../overlays/.rcio.dtbo.d.pre.tmp -nostdinc -I./scripts/dtc/include-prefixes -undef -D__DTS__ -x assembler-with-cpp -o arch/arm64/boot/dts/broadcom/../overlays/.rcio.dtbo.dts.tmp arch/arm64/boot/dts/broadcom/../overlays/rcio-overlay.dts ; ./scripts/dtc/dtc -@ -H epapr -O dtb -o arch/arm64/boot/dts/broadcom/../overlays/rcio.dtbo -b 0 -i arch/arm64/boot/dts/broadcom/../overlays/ -Wno-unit_address_vs_reg -Wno-simple_bus_reg -Wno-unit_address_format -Wno-pci_bridge -Wno-pci_device_bus_num -Wno-pci_device_reg  -d arch/arm64/boot/dts/broadcom/../overlays/.rcio.dtbo.d.dtc.tmp arch/arm64/boot/dts/broadcom/../overlays/.rcio.dtbo.dts.tmp ; cat arch/arm64/boot/dts/broadcom/../overlays/.rcio.dtbo.d.pre.tmp arch/arm64/boot/dts/broadcom/../overlays/.rcio.dtbo.d.dtc.tmp > arch/arm64/boot/dts/broadcom/../overlays/.rcio.dtbo.d

source_arch/arm64/boot/dts/broadcom/../overlays/rcio.dtbo := arch/arm64/boot/dts/broadcom/../overlays/rcio-overlay.dts

deps_arch/arm64/boot/dts/broadcom/../overlays/rcio.dtbo := \

arch/arm64/boot/dts/broadcom/../overlays/rcio.dtbo: $(deps_arch/arm64/boot/dts/broadcom/../overlays/rcio.dtbo)

$(deps_arch/arm64/boot/dts/broadcom/../overlays/rcio.dtbo):

//


/home/osboxes/devel/optee/linux-rt-rpi/arch/arm/boot/dts/overlays/.rcio.dtbo.dts.tmp:
# 1 "arch/arm64/boot/dts/broadcom/../overlays/rcio-overlay.dts"
# 1 "<built-in>"
# 1 "<command-line>"
# 1 "arch/arm64/boot/dts/broadcom/../overlays/rcio-overlay.dts"
/dts-v1/;
/plugin/;

/ {
        compatible = "brcm,bcm2709";

        fragment@0 {
                target = <&spi1>;
                __overlay__ {
                        #address-cells = <1>;
                        #size-cells = <0>;
                        status = "okay";

                        rcio@0 {
                                compatible = "rcio";
                                spi-max-frequency = <4000000>;
                                reg = <0>;
                                status = "okay";
                        };
                };
        };
};

dtoverlay=rcio in config.txt

The Raspberry Pi B+ has been designed specifically with add-on boards in mind and today we are introducing ‘HATs’ (Hardware Attached on Top). A HAT is an add-on board for B+ that conforms to a specific set of rules that will make life easier for users. A significant feature of HATs is the inclusion of a system that allows the B+ to identify a connected HAT and automatically configure the GPIOs and drivers for the board, making life for the end user much easier!

In a nutshell a HAT is a rectangular board (65x56mm) that has four mounting holes in the (nicely rounded) corners that align with the mounting holes on the B+, has a 40W GPIO header and supports the special autoconfiguration system that allows automatic GPIO setup and driver setup. The automatic configuration is achieved using 2 dedicated pins (ID_SD and ID_SC) on the 40W B+ GPIO header that are reserved for an I2C EEPROM. The EEPROM holds the board manufacturer information, GPIO setup and a thing called a ‘device tree‘ fragment – basically a description of the attached hardware that allows Linux to automatically load the required drivers.



/home/osboxes/devel/optee/build/rpi3/firmware/config.txt

enable_uart=1
arm_control=0x200
kernel_old=1

kernel=u-boot-rpi.bin
#enable_jtag_gpio=1

disable_commandline_tags=1

# set display mode to 1920x1080
##hdmi_group=2
##hdmi_mode=82




/home/osboxes/devel/optee/build/rpi3/firmware/uboot.env.txt

# generic params
bootdelay=3
stderr=serial,lcd
stdin=serial,usbkbd
stdout=serial,lcd

# CPU config
cpu=armv8
smp=on

# Console config
baudrate=115200
sttyconsole=ttyS0
ttyconsole=tty0

# Kernel/firmware/dtb filenames & load addresses
atf_load_addr=0x08400000
atf_file=optee.bin
boot_it=booti ${kernel_addr_r} - ${fdt_addr_r}
fdt_addr_r=0x1700000
fdtfile=bcm2710-rpi-3-b.dtb
filesize=5a65c
initrd_high=ffffffff
kernel_addr_r=0x10000000

# NFS/TFTP boot configuraton
gatewayip=192.168.0.1
netmask=255.255.255.0
tftpserverip=192.168.0.174
nfspath=/srv/nfs/rpi

# bootcmd & bootargs configuration
preboot=usb start
bootcmd=run mmcboot
load_dtb=fatload mmc 0:1 ${fdt_addr_r} ${fdtfile}
load_firmware=fatload mmc 0:1 ${atf_load_addr} ${atf_file}
load_kernel=fatload mmc 0:1 ${kernel_addr_r} Image
mmcboot=run load_kernel; run load_dtb; run load_firmware; run set_bootargs_tty set_bootargs_mmc set_common_args; run boot_it
nfsboot=usb start; dhcp ${kernel_addr_r} ${tftpserverip}:Image; dhcp ${fdt_addr_r} ${tftpserverip}:${fdtfile}; dhcp ${atf_load_addr} ${tftpserverip}:${atf_file}; run set_bootargs_tty set_bootargs_nfs set_common_args; run boot_it
set_bootargs_tty=setenv bootargs console=${ttyconsole} console=${sttyconsole},${baudrate}
set_bootargs_nfs=setenv bootargs ${bootargs} root=/dev/nfs rw rootfstype=nfs nfsroot=${tftpserverip}:${nfspath},udp,vers=3 ip=dhcp
set_bootargs_mmc=setenv bootargs ${bootargs} root=/dev/mmcblk0p2 rw rootfs=ext4
set_common_args=setenv bootargs ${bootargs} smsc95xx.macaddr=${ethaddr} 'ignore_loglevel dma.dmachans=0x7f35 rootwait 8250.nr_uarts=1 elevator=deadline fsck.repair=yes bcm2708_fb.fbwidth=1920 bcm2708_fb.fbheight=1080 vc_mem.mem_base=0x3dc00000 vc_mem.mem_size=0x3f000000'


So when boot, load kernel Image, load .dtb (kernel parse it to know which kernel modules to load), load optee.bin.
then give control to boot_it at boot_it=booti ${kernel_addr_r} - ${fdt_addr_r}.  fdt_addr_r=0x1700000 kernel_addr_r=0x10000000




//
Once the config.txt file has been loaded and parsed, the third stage bootloader will also load cmdline.txt and kernel.img. cmdline.txt is a file containing the kernel command line parameters to be passed to the kernel at boot. It will load kernel.img into the shared memory allocated to the ARM processor, and release the ARM processor from reset. Your kernel should now start booting.

The third stage bootloader - start.elf, also passes extra parameters to the kernel than contained within the cmdline.txt. For example, my Linux Kernel receives the following parameters, specifying DMA channels, GPU parameters, MAC addresses, eMMC clock speeds and allowable Kernel Memory size.

dma.dmachans=0x7f35 
bcm2708_fb.fbwidth=1280 
bcm2708_fb.fbheight=1024 
bcm2708.boardrev=0xe 
bcm2708.serial=0xd9b35572 
smsc95xx.macaddr=B8:27:EB:B3:55:72 
sdhci-bcm2708.emmc_clock_freq=250000000 
vc_mem.mem_base=0xec00000 
vc_mem.mem_size=0x10000000  
console=ttyAMA0,115200 
kgdboc=ttyAMA0,115200 
console=tty1 
root=/dev/mmcblk0p2 
rootfstype=ext4 
rootwait
Mainline Linux Kernels may not parse these extra parameters.
//

/home/osboxes/devel/optee/linux-rt-rpi/arch/arm64/configs/bcmrpi3_defconfig

i guess this set up the .config for making rpi3 kernel.

make distclean
make ARCH=arm64 bcmrpi3_defconfig
ARCH=arm64 CROSS_COMPILE=/home/osboxes/devel/optee/toolchains/aarch64/bin/aarch64-linux-gnu- make all

osboxes@osboxes:~/devel/optee/linux-rt-rpi$ find ./ -name overlays
./arch/arm64/boot/dts/overlays
./arch/arm/boot/dts/overlays
osboxes@osboxes:~/devel/optee/linux-rt-rpi$ find ./ -name *.dtb
./arch/arm64/boot/dts/broadcom/bcm2837-rpi-3-b.dtb
./arch/arm64/boot/dts/broadcom/bcm2710-rpi-3-b-plus.dtb
./arch/arm64/boot/dts/broadcom/bcm2710-rpi-3-b.dtb

i guess vmlinux is the kernel image i want.
No, Image is what i want

LINUX_IMAGE		?= $(LINUX_PATH)/arch/arm64/boot/Image
LINUX_DTB		?= $(LINUX_PATH)/arch/arm64/boot/dts/broadcom/bcm2710-rpi-3-b.dtb

kernel_old = 1 :
device_tree_address=0x200000
device_tree_end=0x208000


U-Boot> md 0x0 20   
00000000: d2a80000 b900001f 52b00001 b9000801    ...........R....
00000010: 58000300 d51be000 d51ce07f d2867fe0    ...X............
00000020: d51e1140 d280b600 d51e1100 d2800800    @...............
00000030: d519f220 d53800a6 924004c6 b40000e6     .....8...@.....
00000040: 100004c5 d503205f f86678a4 b4ffffc4    ...._ ...xf.....
00000050: d2800000 14000003 580003c4 580004e0    ...........X...X
00000060: d2800001 d2800002 d2800003 d61f0080    ................
00000070: 0124f800 00000000 00000000 00000000    ..$.............

start from
U-Boot> md 0x7ff0
00007ff0: 00000000 00000000 00000000 00000000    ................
00008000: 1400000a d503201f 00008000 00000000    ..... ..........
00008010: 000538a0 00000000 000538a0 00000000    .8.......8......
00008020: 000b3088 00000000 10003ec0 d5384241    .0.......>..AB8.
has value until 
U-Boot> md 0x80d0
000080d0: 540000a0 f100203f 540000a0 f100103f    ...T? .....T?...
000080e0: 540000a0 d51ec000 14000004 d51cc000    ...T............
000080f0: 14000002 d518c000 d65f03c0 00000000    .........._.....
00008100: 00000000 00000000 00000000 00000000    ................


start from
U-Boot> md 0x7fff0
0007fff0: 55555555 55555555 55555555 55555555    UUUUUUUUUUUUUUUU
00080000: 0f03130f 0f030f03 0f030f03 0f030f03    ................
00080010: 0f030f03 0f030f03 0f030f03 0f030f03    ................
has value until 
U-Boot> md 0x62000
00062000: 6b006c61 726c7361 6565732d 65760064    al.kaslr-seed.ve
00062010: 726f646e 6f727000 74637564 6f727000    ndor.product.pro
00062020: 74637564 0064695f 646f7270 5f746375    duct_id.product_
00062030: 00726576 64697575 55555500 55555555    ver.uuid.UUUUUUU
00062040: 55555555 55555555 55555555 55555555    UUUUUUUUUUUUUUUU
00062050: 55555555 55555555 55555555 55555555    UUUUUUUUUUUUUUUU


start from
U-Boot> md 0xffff0
000ffff0: 55555555 55555555 55555555 55555555    UUUUUUUUUUUUUUUU
00100000: 464c457f 00010101 00000000 00000000    .ELF............
00100010: 00890002 00000001 fec00200 00000034    ............4...
00100020: 002bc184 00000100 00200034 00280018    ..+.....4. ...(.
00100030: 002b002c 00000001 000004a0 fec00100    ,.+.............
00100040: fec00100 00000100 00000100 00000006    ................
has value until 
U-Boot> md 0x39f600
0039f600: 00000000 00000000 00000000 00000000    ................
0039f610: dc4d1100 00000000 ffffffff ffffffff    ..M.............
0039f620: 00000000 00000000 00000000 00000000    ................

# kernel_old = 1 : does not boot with optee u-boot_rpi.bin

kernel_old = 1 : u-boot-rpi.bin
device_tree_address=0x2000000
device_tree_end=0x2008000

U-Boot> md 0x2000000
02000000: aaaaaaaa aaaaaaaa aaaaaaaa aaaaaaaa    ................
02000010: aaaaaaaa aaaaaaaa aaaaaaaa aaaaaaaa    ................
02000020: aaaaaaaa aaaaaaaa aaaaaaaa aaaaaaaa    ................


kernel_old = 1 : u-boot-rpi.bin
device_tree_address=0x400000
device_tree_end=0x408000

U-Boot> md 0x400000
00400000: 55555555 55555555 55555555 55555555    UUUUUUUUUUUUUUUU
00400010: 55555555 55555555 55555555 55555555    UUUUUUUUUUUUUUUU

QUESTION: 0x100 ~ 0x8000 empty. kernel_old = 1 suppose to load kernel (u-boot.bin, or kernel7.img) to 0x0?

kernel_old = 1 : u-boot-rpi.bin
device_tree_address=0x100
device_tree_end=0x8000 

U-Boot> md 0x7f00
00007f00: 00000000 00000000 00000000 00000000    ................
00007f10: 00000000 00000000 00000000 00000000    ................
U-Boot> md 0x100 
00000100: 00000000 00000000 00000000 00000000    ................
00000110: 00000000 00000000 00000000 00000000    ................

optee rpi3 firmware plus u-boot-2017 does not work
optee rpi3 firmware plus device_tree_address=0x100 device_tree_end=0x8000 does not work.

followed https://dius.com.au/2015/08/19/raspberry-pi-uboot/ for start.elf load dtb and overlay, no luck
followed https://a-delacruz.github.io/ubuntu/rpi3-setup-64bit-uboot.html for updating uboot to load dtb and overlay in uboot, no luck

optee rpi3 firmware plus u-boot-2017 added head.S to be u-boot-rpi3.bin with kernel_old =1 does not work.

currently only optee uboot works:
U-Boot> pri
atf_file=optee.bin
atf_load_addr=0x08400000
baudrate=115200
board_name=3 Model B
board_rev=0x8
board_rev_scheme=1
board_revision=0xA22082
boot_it=booti ${kernel_addr_r} - ${fdt_addr_r}
bootcmd=run mmcboot
bootdelay=5
cpu=armv8
ethact=sms0
ethaddr=b8:27:eb:ec:ce:c2
fdt_addr_r=0x2000000
fdtfile=bcm2837-rpi-3-b.dtb
gatewayip=192.168.0.1
initrd_high=ffffffff
kernel_addr_r=0x10000000
load_firmware=fatload mmc 0:1 ${atf_load_addr} ${atf_file}
load_kernel=fatload mmc 0:1 ${kernel_addr_r} Image
mmcboot=run load_kernel; run load_firmware; run set_bootargs_tty set_bootargs_mmc set_common_args; run boot_it
netmask=255.255.255.0
nfsboot=usb start; dhcp ${kernel_addr_r} ${tftpserverip}:Image; dhcp ${fdt_addr_r} ${tftpserverip}:${fdtfile}; dhcp ${atf_load_addr} ${tftpserverip}:${atf_file}; run set_bootargs_tty set_bootargs_nfs set_common_args; run boot_it
nfspath=/srv/nfs/rpi
preboot=usb start
serial#=0000000031eccec2
set_bootargs_mmc=setenv bootargs ${bootargs} root=/dev/mmcblk0p2 rw rootfs=ext4
set_bootargs_nfs=setenv bootargs ${bootargs} root=/dev/nfs rw rootfstype=nfs nfsroot=${tftpserverip}:${nfspath},udp,vers=3 ip=dhcp
set_bootargs_tty=setenv bootargs console=${ttyconsole} console=${sttyconsole},${baudrate}
set_common_args=setenv bootargs ${bootargs} smsc95xx.macaddr=${ethaddr} 'ignore_loglevel dma.dmachans=0x7f35 rootwait 8250.nr_uarts=1 elevator=deadline fsck.repair=yes bcm2708_fb.fbwidth=1920 bcm2708_fb.fbheight=1080 vc_mem.mem_base=0x3dc00000 vc_mem.mem_size=0x3f000000'
smp=on
stderr=serial,lcd
stdin=serial,usbkbd
stdout=serial,lcd
sttyconsole=ttyS0
tftpserverip=192.168.0.174
ttyconsole=tty0
usbethaddr=b8:27:eb:ec:ce:c2

Environment size: 1721/16380 bytes

using Image from linux-rt-kernel and bcm2837-rpi-3-b.dtb leads to kernel panic. 

U-Boot> boot
reading Image
13300224 bytes read in 1195 ms (10.6 MiB/s)
reading optee.bin
419024 bytes read in 134 ms (3 MiB/s)
## Flattened Device Tree blob at 02000000
   Booting using the fdt blob at 0x2000000
   reserving fdt memory region: addr=0 size=1000
   Loading Device Tree to 000000003ab2e000, end 000000003ab35759 ... OK

Starting kernel ...

## Transferring control to ARM TF (at address 8400000) (dtb at 3ab2e000)...
NOTICE:  BL3-1: v1.1(debug):1da4e15
NOTICE:  BL3-1: Built : 12:46:13, Feb  7 2019
INFO:    BL3-1: Initializing runtime services
INFO:    BL3-1: Initializing BL3-2
D/TC:0 add_phys_mem:526 TEE_SHMEM_START type NSEC_SHM 0x08000000 size 0x00400000
D/TC:0 add_phys_mem:526 TA_RAM_START type TA_RAM 0x08800000 size 0x01000000
D/TC:0 add_phys_mem:526 VCORE_UNPG_RW_PA type TEE_RAM_RW 0x08466000 size 0x0039a000
D/TC:0 add_phys_mem:526 VCORE_UNPG_RX_PA type TEE_RAM_RX 0x08420000 size 0x00046000
D/TC:0 add_phys_mem:526 TEE_RAM_START type TEE_RAM_RO 0x08400000 size 0x00020000
D/TC:0 add_phys_mem:526 CONSOLE_UART_BASE type IO_NSEC 0x3f200000 size 0x00200000
D/TC:0 verify_special_mem_areas:464 No NSEC DDR memory area defined
D/TC:0 add_va_space:565 type RES_VASPACE size 0x00a00000
D/TC:0 add_va_space:565 type SHM_VASPACE size 0x02000000
D/TC:0 dump_mmap_table:698 type TEE_RAM_RO   va 0x08400000..0x0841ffff pa 0x08400000..0x0841ffff size 0x00020000 (smallpg)
D/TC:0 dump_mmap_table:698 type TEE_RAM_RX   va 0x08420000..0x08465fff pa 0x08420000..0x08465fff size 0x00046000 (smallpg)
D/TC:0 dump_mmap_table:698 type TEE_RAM_RW   va 0x08466000..0x087fffff pa 0x08466000..0x087fffff size 0x0039a000 (smallpg)
D/TC:0 dump_mmap_table:698 type SHM_VASPACE  va 0x08800000..0x0a7fffff pa 0x00000000..0x01ffffff size 0x02000000 (pgdir)
D/TC:0 dump_mmap_table:698 type NSEC_SHM     va 0x0a800000..0x0abfffff pa 0x08000000..0x083fffff size 0x00400000 (pgdir)
D/TC:0 dump_mmap_table:698 type IO_NSEC      va 0x0ac00000..0x0adfffff pa 0x3f200000..0x3f3fffff size 0x00200000 (pgdir)
D/TC:0 dump_mmap_table:698 type RES_VASPACE  va 0x0ae00000..0x0b7fffff pa 0x00000000..0x009fffff size 0x00a00000 (pgdir)
D/TC:0 dump_mmap_table:698 type TA_RAM       va 0x0b800000..0x0c7fffff pa 0x08800000..0x097fffff size 0x01000000 (pgdir)
D/TC:0 core_mmu_entry_to_finer_grained:653 xlat tables used 1 / 5
D/TC:0 core_mmu_entry_to_finer_grained:653 xlat tables used 2 / 5
I/TC:  
D/TC:0 init_canaries:164 #Stack canaries for stack_tmp[0] with top at 0x849a938
D/TC:0 init_canaries:164 watch *0x849a93c
D/TC:0 init_canaries:164 #Stack canaries for stack_tmp[1] with top at 0x849b178
D/TC:0 init_canaries:164 watch *0x849b17c
D/TC:0 init_canaries:164 #Stack canaries for stack_tmp[2] with top at 0x849b9b8
D/TC:0 init_canaries:164 watch *0x849b9bc
D/TC:0 init_canaries:164 #Stack canaries for stack_tmp[3] with top at 0x849c1f8
D/TC:0 init_canaries:164 watch *0x849c1fc
D/TC:0 init_canaries:165 #Stack canaries for stack_abt[0] with top at 0x849ce38
D/TC:0 init_canaries:165 watch *0x849ce3c
D/TC:0 init_canaries:165 #Stack canaries for stack_abt[1] with top at 0x849da78
D/TC:0 init_canaries:165 watch *0x849da7c
D/TC:0 init_canaries:165 #Stack canaries for stack_abt[2] with top at 0x849e6b8
D/TC:0 init_canaries:165 watch *0x849e6bc
D/TC:0 init_canaries:165 #Stack canaries for stack_abt[3] with top at 0x849f2f8
D/TC:0 init_canaries:165 watch *0x849f2fc
D/TC:0 init_canaries:167 #Stack canaries for stack_thread[0] with top at 0x84a1338
D/TC:0 init_canaries:167 watch *0x84a133c
D/TC:0 init_canaries:167 #Stack canaries for stack_thread[1] with top at 0x84a3378
D/TC:0 init_canaries:167 watch *0x84a337c
D/TC:0 init_canaries:167 #Stack canaries for stack_thread[2] with top at 0x84a53b8
D/TC:0 init_canaries:167 watch *0x84a53bc
D/TC:0 init_canaries:167 #Stack canaries for stack_thread[3] with top at 0x84a73f8
D/TC:0 init_canaries:167 watch *0x84a73fc
I/TC:  OP-TEE version: 3.2.0 #1 Thu Feb  7 17:45:51 UTC 2019 aarch64
D/TC:0 tee_ta_register_ta_store:534 Registering TA store: 'REE' (priority 10)
D/TC:0 tee_ta_register_ta_store:534 Registering TA store: 'Secure Storage TA' (priority 9)
D/TC:0 mobj_mapped_shm_init:559 Shared memory address range: 8800000, a800000
I/TC:  Initialized
D/TC:0 init_primary_helper:917 Primary CPU switching to normal world boot
INFO:    BL3-1: Preparing for EL3 exit to normal world
INFO:    BL3-1: Next image address = 0x80000
INFO:    BL3-1: Next image spsr = 0x3c9
[    0.000000] Booting Linux on physical CPU 0x0
[    0.000000] Linux version 4.14.34-v8+ (osboxes@osboxes) (gcc version 6.2.1 20161016 (Linaro GCC 6.2-2016.11)) #1 SMP PREEMPT Tue Mar 12 19:42:41 EDT 2019
[    0.000000] Boot CPU: AArch64 Processor [410fd034]
[    0.000000] Machine model: Raspberry Pi 3 Model B
[    0.000000] debug: ignoring loglevel setting.
[    0.000000] efi: Getting EFI parameters from FDT:
[    0.000000] efi: UEFI not found.
[    0.000000] cma: Reserved 8 MiB at 0x000000003a000000
[    0.000000] On node 0 totalpages: 241664
[    0.000000]   DMA zone: 3776 pages used for memmap
[    0.000000]   DMA zone: 0 pages reserved
[    0.000000]   DMA zone: 241664 pages, LIFO batch:31
[    0.000000] random: fast init done
[    0.000000] percpu: Embedded 22 pages/cpu @ffffffc03af81000 s50456 r8192 d31464 u90112
[    0.000000] pcpu-alloc: s50456 r8192 d31464 u90112 alloc=22*4096
[    0.000000] pcpu-alloc: [0] 0 [0] 1 [0] 2 [0] 3 
[    0.000000] Detected VIPT I-cache on CPU0
[    0.000000] CPU features: enabling workaround for ARM erratum 845719
[    0.000000] Built 1 zonelists, mobility grouping on.  Total pages: 237888
[    0.000000] Kernel command line: console=tty0 console=ttyS0,115200 root=/dev/mmcblk0p2 rw rootfs=ext4 smsc95xx.macaddr=b8:27:eb:ec:ce:c2 ignore_loglevel dma.dmachans=0x7f35 rootwait 8250.nr_uarts=1 elevator=deadline fsck.repair=yes bcm2708_fb.fbwidth=1920 bcm2708_fb.fbheight=1080 vc_mem.mem_base=0x3dc00000 vc_mem.mem_size=0x3f000000
[    0.000000] PID hash table entries: 4096 (order: 3, 32768 bytes)
[    0.000000] Dentry cache hash table entries: 131072 (order: 8, 1048576 bytes)
[    0.000000] Inode-cache hash table entries: 65536 (order: 7, 524288 bytes)
[    0.000000] Memory: 926280K/966656K available (7036K kernel code, 892K rwdata, 2340K rodata, 2688K init, 689K bss, 32184K reserved, 8192K cma-reserved)
[    0.000000] Virtual kernel memory layout:
[    0.000000]     modules : 0xffffff8000000000 - 0xffffff8008000000   (   128 MB)
[    0.000000]     vmalloc : 0xffffff8008000000 - 0xffffffbebfff0000   (   250 GB)
[    0.000000]       .text : 0xffffff8008080000 - 0xffffff8008760000   (  7040 KB)
[    0.000000]     .rodata : 0xffffff8008760000 - 0xffffff80089b0000   (  2368 KB)
[    0.000000]       .init : 0xffffff80089b0000 - 0xffffff8008c50000   (  2688 KB)
[    0.000000]       .data : 0xffffff8008c50000 - 0xffffff8008d2f200   (   893 KB)
[    0.000000]        .bss : 0xffffff8008d2f200 - 0xffffff8008ddb9e8   (   690 KB)
[    0.000000]     fixed   : 0xffffffbefe7fb000 - 0xffffffbefec00000   (  4116 KB)
[    0.000000]     PCI I/O : 0xffffffbefee00000 - 0xffffffbeffe00000   (    16 MB)
[    0.000000]     vmemmap : 0xffffffbf00000000 - 0xffffffc000000000   (     4 GB maximum)
[    0.000000]               0xffffffbf00000000 - 0xffffffbf00ec0000   (    14 MB actual)
[    0.000000]     memory  : 0xffffffc000000000 - 0xffffffc03b000000   (   944 MB)
[    0.000000] SLUB: HWalign=64, Order=0-3, MinObjects=0, CPUs=4, Nodes=1
[    0.000000] ftrace: allocating 25282 entries in 99 pages
[    0.000000] Preemptible hierarchical RCU implementation.
[    0.000000] 	Tasks RCU enabled.
[    0.000000] NR_IRQS: 64, nr_irqs: 64, preallocated irqs: 0
[    0.000000] arch_timer: cp15 timer(s) running at 1.20MHz (phys).
[    0.000000] clocksource: arch_sys_counter: mask: 0xffffffffffffff max_cycles: 0x11b661f8e, max_idle_ns: 1763180809113 ns
[    0.000109] sched_clock: 56 bits at 1200kHz, resolution 833ns, wraps every 4398046510838ns
[    0.004362] Console: colour dummy device 80x25
[    0.021732] console [tty0] enabled
[    0.022588] Calibrating delay loop (skipped), value calculated using timer frequency.. 2.40 BogoMIPS (lpj=1200)
[    0.023541] pid_max: default: 32768 minimum: 301
[    0.030544] Mount-cache hash table entries: 2048 (order: 2, 16384 bytes)
[    0.031299] Mountpoint-cache hash table entries: 2048 (order: 2, 16384 bytes)
[    0.051062] Disabling memory control group subsystem
[    0.075456] ASID allocator initialised with 32768 entries
[    0.080574] Hierarchical SRCU implementation.
[    0.095598] EFI services will not be available.
[    0.103970] smp: Bringing up secondary CPUs ...
[    1.296426] CPU1: failed to come online
[    1.296879] CPU1: failed in unknown state : 0x0
[    2.473154] CPU2: failed to come online
[    2.473608] CPU2: failed in unknown state : 0x0
[    3.649334] CPU3: failed to come online
[    3.649785] CPU3: failed in unknown state : 0x0
[    3.651152] smp: Brought up 1 node, 1 CPU
[    3.651849] SMP: Total of 1 processors activated.
[    3.652385] CPU features: detected feature: 32-bit EL0 Support
[    3.653125] CPU features: detected feature: Kernel page table isolation (KPTI)
[    3.697603] CPU: CPUs started in inconsistent modes
[    3.697863] ------------[ cut here ]------------
[    3.698975] WARNING: CPU: 0 PID: 1 at arch/arm64/kernel/smp.c:428 smp_cpus_done+0x90/0xa8
[    3.699518] Modules linked in:
[    3.700100] CPU: 0 PID: 1 Comm: swapper/0 Not tainted 4.14.34-v8+ #1
[    3.700547] Hardware name: Raspberry Pi 3 Model B (DT)
[    3.700978] task: ffffffc038d30000 task.stack: ffffff8008020000
[    3.701476] PC is at smp_cpus_done+0x90/0xa8
[    3.701917] LR is at smp_cpus_done+0x90/0xa8
[    3.702324] pc : [<ffffff80089b4bc0>] lr : [<ffffff80089b4bc0>] pstate: 60000045
[    3.702827] sp : ffffff8008023de0
[    3.703174] x29: ffffff8008023de0 x28: 0000000000000000 
[    3.703804] x27: 0000000000000000 x26: ffffff8008c71c48 
[    3.704430] x25: 0000000000000040 x24: ffffff8008c58b28 
[    3.705056] x23: ffffff8008c58000 x22: ffffff8008c71000 
[    3.705681] x21: ffffff8008c58b30 x20: ffffff8008c58c64 
[    3.706302] x19: 0000000000000004 x18: 0000000034d5d91d 
[    3.706921] x17: 0000000000000007 x16: 00f80000009fff13 
[    3.707545] x15: 000000003aff7000 x14: 000000003aff7000 
[    3.708174] x13: 0000000000000000 x12: 000000003aff9000 
[    3.708801] x11: 000000003aff9000 x10: 0000000000001980 
[    3.709425] x9 : ffffff8008023b10 x8 : 636e69206e692064 
[    3.710050] x7 : 6574726174732073 x6 : 0000000000000042 
[    3.710676] x5 : 00ffffffffffffff x4 : 0000000000000000 
[    3.711293] x3 : 0000000000000000 x2 : ffffffffffffffff 
[    3.711918] x1 : 0000000000000000 x0 : 0000000000000027 
[    3.712556] Call trace:
[    3.712937] Exception stack(0xffffff8008023ca0 to 0xffffff8008023de0)
[    3.713461] 3ca0: 0000000000000027 0000000000000000 ffffffffffffffff 0000000000000000
[    3.714055] 3cc0: 0000000000000000 00ffffffffffffff 0000000000000042 6574726174732073
[    3.714648] 3ce0: 636e69206e692064 ffffff8008023b10 0000000000001980 000000003aff9000
[    3.715235] 3d00: 000000003aff9000 0000000000000000 000000003aff7000 000000003aff7000
[    3.715822] 3d20: 00f80000009fff13 0000000000000007 0000000034d5d91d 0000000000000004
[    3.716414] 3d40: ffffff8008c58c64 ffffff8008c58b30 ffffff8008c71000 ffffff8008c58000
[    3.717008] 3d60: ffffff8008c58b28 0000000000000040 ffffff8008c71c48 0000000000000000
[    3.717596] 3d80: 0000000000000000 ffffff8008023de0 ffffff80089b4bc0 ffffff8008023de0
[    3.718185] 3da0: ffffff80089b4bc0 0000000060000045 ffffff8008d2e800 0000000000000000
[    3.718775] 3dc0: ffffffffffffffff 0000000000000001 ffffff8008023de0 ffffff80089b4bc0
[    3.719390] [<ffffff80089b4bc0>] smp_cpus_done+0x90/0xa8
[    3.719898] [<ffffff80089c3ba8>] smp_init+0xf0/0x108
[    3.720395] [<ffffff80089b0e18>] kernel_init_freeable+0xec/0x240
[    3.720970] [<ffffff800874ea18>] kernel_init+0x18/0x108
[    3.721522] [<ffffff8008084fe8>] ret_from_fork+0x10/0x18
[    3.722083] ---[ end trace 7c7790e6fcfdf4e2 ]---
[    3.723002] alternatives: patching kernel code
[    3.744410] devtmpfs: initialized
[    3.982132] Enabled cp15_barrier support
[    3.983126] Enabled setend support
[    3.991193] clocksource: jiffies: mask: 0xffffffff max_cycles: 0xffffffff, max_idle_ns: 1911260446275000 ns
[    3.992379] futex hash table entries: 1024 (order: 5, 131072 bytes)
[    4.007454] pinctrl core: initialized pinctrl subsystem
[    4.013241] DMI not present or invalid.
[    4.020763] NET: Registered protocol family 16
[    4.117000] cpuidle: using governor menu
[    4.125394] vdso: 2 pages (1 code @ ffffff8008767000, 1 data @ ffffff8008c54000)
[    4.126217] hw-breakpoint: found 6 breakpoint and 4 watchpoint registers.
[    4.158352] DMA: preallocated 256 KiB pool for atomic allocations
[    4.161138] Serial: AMBA PL011 UART driver
[    4.258112] bcm2835-mbox 3f00b880.mailbox: mailbox enabled
[    4.273154] uart-pl011 3f201000.serial: could not find pctldev for node /soc/gpio@7e200000/uart0_gpio32, deferring probe
[    5.142014] bcm2835-dma 3f007000.dma: DMA legacy API manager at ffffff800801d000, dmachans=0x1
[    5.179535] SCSI subsystem initialized
[    5.185795] usbcore: registered new interface driver usbfs
[    5.187443] usbcore: registered new interface driver hub
[    5.192009] usbcore: registered new device driver usb
[    5.197028] dmi: Firmware registration failed.
[    5.203615] raspberrypi-firmware soc:firmware: Attached to firmware from 2017-02-15 17:14
[    5.206013] raspberrypi-firmware soc:firmware: Request 0x00030046 returned status 0x80000001
[    5.238031] clocksource: Switched to clocksource arch_sys_counter
[    7.227201] raspberrypi-firmware soc:firmware: Request 0x00030046 returned status 0x80000001
[    7.261366] VFS: Disk quotas dquot_6.6.0
[    7.264056] VFS: Dquot-cache hash table entries: 512 (order 0, 4096 bytes)
[    7.269411] FS-Cache: Loaded
[    7.275484] CacheFiles: Loaded
[    7.509285] NET: Registered protocol family 2
[    7.527666] TCP established hash table entries: 8192 (order: 4, 65536 bytes)
[    7.531078] TCP bind hash table entries: 8192 (order: 5, 131072 bytes)
[    7.536306] TCP: Hash tables configured (established 8192 bind 8192)
[    7.542046] UDP hash table entries: 512 (order: 2, 16384 bytes)
[    7.543485] UDP-Lite hash table entries: 512 (order: 2, 16384 bytes)
[    7.552376] NET: Registered protocol family 1
[    7.571409] RPC: Registered named UNIX socket transport module.
[    7.572192] RPC: Registered udp transport module.
[    7.572584] RPC: Registered tcp transport module.
[    7.573504] RPC: Registered tcp NFSv4.1 backchannel transport module.
[    7.660702] workingset: timestamp_bits=46 max_order=18 bucket_order=0
[    7.897425] FS-Cache: Netfs 'nfs' registered for caching
[    7.919205] NFS: Registering the id_resolver key type
[    7.920523] Key type id_resolver registered
[    7.921254] Key type id_legacy registered
[    8.020670] Block layer SCSI generic (bsg) driver version 0.4 loaded (major 251)
[    8.027512] io scheduler noop registered
[    8.028315] io scheduler deadline registered (default)
[    8.036425] io scheduler cfq registered
[    8.037201] io scheduler mq-deadline registered
[    8.037651] io scheduler kyber registered
[    8.107381] Serial: 8250/16550 driver, 1 ports, IRQ sharing enabled
[    8.132445] console [ttyS0] disabled
[    8.134493] 3f215040.serial: ttyS0 at MMIO 0x0 (irq = 61, base_baud = 31249999) is a 16550
[    9.340065] raspberrypi-firmware soc:firmware: Request 0x00030046 returned status 0x80000001
[   11.480197] raspberrypi-firmware soc:firmware: Request 0x00030046 returned status 0x80000001
[   13.532354] raspberrypi-firmware soc:firmware: Request 0x00030046 returned status 0x80000001
[   15.601271] raspberrypi-firmware soc:firmware: Request 0x00030046 returned status 0x80000001
[   17.672258] raspberrypi-firmware soc:firmware: Request 0x00030046 returned status 0x80000001
[   19.732177] raspberrypi-firmware soc:firmware: Request 0x00030046 returned status 0x80000001
[   21.795198] raspberrypi-firmware soc:firmware: Request 0x00030046 returned status 0x80000001
[   23.846343] raspberrypi-firmware soc:firmware: Request 0x00030046 returned status 0x80000001
[   25.138416] console [ttyS0] enabled
[   25.225142] bcm2835-rng 3f104000.rng: hwrng registered
[   25.312372] vc-mem: phys_addr:0x00000000 mem_base=0x3dc00000 mem_size:0x3f000000(1008 MiB)
[   25.459391] cacheinfo: Unable to detect cache hierarchy for CPU 0
[   25.850591] raspberrypi-firmware soc:firmware: Request 0x00030046 returned status 0x80000001
[   26.008997] brd: module loaded
[   26.328574] loop: module loaded
[   26.381034] Loading iSCSI transport class v2.0-870.
[   26.483467] libphy: Fixed MDIO Bus: probed
[   26.554441] usbcore: registered new interface driver lan78xx
[   26.648511] usbcore: registered new interface driver smsc95xx
[   26.742614] dwc_otg: version 3.00a 10-AUG-2012 (platform bus)
[   26.841225] dwc_otg: FIQ enabled
[   26.894171] dwc_otg: NAK holdoff enabled
[   26.958380] dwc_otg: FIQ split-transaction FSM enabled
[   27.042467] Module dwc_common_port init
[   27.236188] dwc2 3f980000.usb: dwc2_wait_for_mode: Couldn't set host mode
[   27.459096] dwc2 3f980000.usb: dwc2_wait_for_mode: Couldn't set host mode
[   27.683441] dwc2 3f980000.usb: dwc2_wait_for_mode: Couldn't set host mode
[   27.926295] dwc2 3f980000.usb: dwc2_check_params: Invalid parameter host_perio_tx_fifo_size=0
[   28.071132] dwc2 3f980000.usb: DWC OTG Controller
[   28.149146] dwc2 3f980000.usb: new USB bus registered, assigned bus number 1
[   28.265217] dwc2 3f980000.usb: irq 41, io mem 0x3f980000
[   28.353364] raspberrypi-firmware soc:firmware: Request 0x00030046 returned status 0x80000001
[   28.498028] usb usb1: New USB device found, idVendor=1d6b, idProduct=0002
[   28.610074] usb usb1: New USB device strings: Mfr=3, Product=2, SerialNumber=1
[   28.728122] usb usb1: Product: DWC OTG Controller
[   28.805133] usb usb1: Manufacturer: Linux 4.14.34-v8+ dwc2_hsotg
[   28.903317] usb usb1: SerialNumber: 3f980000.usb
[   28.997412] hub 1-0:1.0: USB hub found
[   29.059705] hub 1-0:1.0: 1 port detected
[   29.141635] usbcore: registered new interface driver usb-storage
[   29.245080] IR NEC protocol handler initialized
[   29.319230] IR RC5(x/sz) protocol handler initialized
[   29.404299] IR RC6 protocol handler initialized
[   29.479364] IR JVC protocol handler initialized
[   29.555185] IR Sony protocol handler initialized
[   29.636202] IR SANYO protocol handler initialized
[   29.715315] IR Sharp protocol handler initialized
[   29.793334] IR MCE Keyboard/mouse protocol handler initialized
[   29.890308] IR XMP protocol handler initialized
[   29.987687] bcm2835-wdt 3f100000.watchdog: Broadcom BCM2835 watchdog timer
[   30.107494] bcm2835-cpufreq: min=600000 max=1200000
[   30.199677] sdhci: Secure Digital Host Controller Interface driver
[   30.302427] sdhci: Copyright(c) Pierre Ossman
[   30.381687] sdhost-bcm2835 3f202000.mmc: /aliases ID not available
[   30.484355] raspberrypi-firmware soc:firmware: Request 0x00030046 returned status 0x80000001
[   30.632146] sdhost: log_buf @ ffffff800806d000 (fa041000)
[   30.721075] usb 1-1: new high-speed USB device number 2 using dwc2
[   30.902305] mmc0: sdhost-bcm2835 loaded - DMA enabled (>1)
[   31.015343] Error: Driver 'sdhost-bcm2835' is already registered, aborting...
[   31.147655] usb 1-1: New USB device found, idVendor=0424, idProduct=9514
[   31.148140] usb 1-1: New USB device strings: Mfr=0, Product=0, SerialNumber=0
[   31.186402] hub 1-1:1.0: USB hub found
[   31.189111] hub 1-1:1.0: 5 ports detected
[   31.723152] mmc0: host does not support reading read-only switch, assuming write-enable
[   31.864452] mmc0: new high speed SDHC card at address 1234
[   31.875395] bounce: isa pool size: 16 pages
[   31.884055] mmcblk0: mmc0:1234 SA04G 3.64 GiB
[   32.082480]  mmcblk0: p1 p2
[   32.231565] sdhci-pltfm: SDHCI platform and OF driver helper
[   32.345390] ledtrig-cpu: registered to indicate activity on CPUs
[   32.444723] usb 1-1.1: new high-speed USB device number 3 using dwc2
[   32.553559] raspberrypi-firmware soc:firmware: Request 0x00030046 returned status 0x80000001
[   32.699978] hidraw: raw HID events driver (C) Jiri Kosina
[   32.795585] usbcore: registered new interface driver usbhid
[   32.890475] usbhid: USB HID core driver
[   32.963176] Initializing XFRM netlink socket
[   33.036993] NET: Registered protocol family 17
[   33.120556] usb 1-1.1: New USB device found, idVendor=0424, idProduct=ec00
[   33.234964] Key type dns_resolver registered
[   33.263575] registered taskstats version 1
[   33.567165] usb 1-1.1: New USB device strings: Mfr=0, Product=0, SerialNumber=0
[   33.713198] 3f201000.serial: ttyAMA0 at MMIO 0x3f201000 (irq = 72, base_baud = 0) is a PL011 rev2
[   33.864650] smsc95xx v1.0.6
[   33.982326] of_cfs_init
[   34.035163] of_cfs_init: OK
[   34.347391] smsc95xx 1-1.1:1.0 eth0: register 'smsc95xx' at usb-3f980000.usb-1.1, smsc95xx USB 2.0 Ethernet, b8:27:eb:ec:ce:c2
[   34.593630] EXT4-fs (mmcblk0p2): couldn't mount as ext3 due to feature incompatibilities
[   34.728083] raspberrypi-firmware soc:firmware: Request 0x00030046 returned status 0x80000001
[   34.901322] EXT4-fs (mmcblk0p2): couldn't mount as ext2 due to feature incompatibilities
[   36.793515] raspberrypi-firmware soc:firmware: Request 0x00030046 returned status 0x80000001
[   38.969423] raspberrypi-firmware soc:firmware: Request 0x00030046 returned status 0x80000001
[   41.145309] raspberrypi-firmware soc:firmware: Request 0x00030046 returned status 0x80000001
[   43.321320] raspberrypi-firmware soc:firmware: Request 0x00030046 returned status 0x80000001
[   45.497318] raspberrypi-firmware soc:firmware: Request 0x00030046 returned status 0x80000001
[   47.673356] raspberrypi-firmware soc:firmware: Request 0x00030046 returned status 0x80000001
[   49.849313] raspberrypi-firmware soc:firmware: Request 0x00030046 returned status 0x80000001
[   52.025314] raspberrypi-firmware soc:firmware: Request 0x00030046 returned status 0x80000001
[   54.201322] raspberrypi-firmware soc:firmware: Request 0x00030046 returned status 0x80000001
[   55.031951] mmc0: timeout waiting for hardware interrupt.
[   55.119900] [095d16fd] PRD2 1 0
[   55.171048] [095d170c] PRD3 380afd08 

[   70.522500] mmc0: cmd op 25 arg 0x350800 flags 0xb5 - resp 00000900 00000000 00000000 00000000, err 0
[   70.672536] mmc0: data blocks 8 blksz 200 - err 0
[   70.749140] mmc0: stop op 12 arg 0x0 flags 0x49d - resp 00000000 00000000 00000000 00000000, err 0
[   70.894931] mmc0: =========== REGISTER DUMP ===========
[   70.979928] mmc0: SDCMD  0x00000099
[   71.036668] mmc0: SDARG  0x00350800
[   71.093415] mmc0: SDTOUT 0x017d7840
[   71.150157] mmc0: SDCDIV 0x00000003
[   71.206914] mmc0: SDRSP0 0x00000900
[   71.263658] mmc0: SDRSP1 0x00001918
[   71.320409] mmc0: SDRSP2 0xffffffff
[   71.377142] mmc0: SDRSP3 0x0002400f
[   71.433894] mmc0: SDHSTS 0x00000000
[   71.490633] mmc0: SDVDD  0x00000001
[   71.547380] mmc0: SDEDM  0x00010801
[   71.604126] mmc0: SDHCFG 0x0000040e
[   71.660874] mmc0: SDHBCT 0x00000200
[   71.717603] mmc0: SDHBLC 0x00000001
[   71.774325] mmc0: ===========================================
[   71.869024] Unable to handle kernel NULL pointer dereference at virtual address 00000030
[   72.000697] Mem abort info:
[   72.046146]   Exception class = DABT (current EL), IL = 32 bits
[   72.142422]   SET = 0, FnV = 0
[   72.192085]   EA = 0, S1PTW = 0
[   72.243151] Data abort info:
[   72.289985]   ISV = 0, ISS = 0x00000005
[   72.352349]   CM = 0, WnR = 0
[   72.400606] [0000000000000030] user address but active_mm is swapper
[   72.504025] Internal error: Oops: 96000005 [#1] PREEMPT SMP
[   72.594684] Modules linked in:
[   72.644567] CPU: 0 PID: 0 Comm: swapper/0 Tainted: G S              4.14.34-v8+ #1
[   72.767740] Hardware name: Raspberry Pi 3 Model B (DT)
[   72.851329] task: ffffff8008c5eb80 task.stack: ffffff8008c50000
[   72.947910] PC is at bcm2835_sdhost_dma_complete+0xb0/0x1c8
[   73.038608] LR is at bcm2835_sdhost_dma_complete+0x74/0x1c8
[   73.129273] pc : [<ffffff80085e6228>] lr : [<ffffff80085e61ec>] pstate: 800001c5
[   73.249614] sp : ffffff8008003df0
[   73.303527] x29: ffffff8008003df0 x28: ffffff8008c55000 
[   73.390073] x27: ffffff80088e7000 x26: 0000000000000101 
[   73.476600] x25: 0000000000000038 x24: ffffffc038f87218 
[   73.563141] x23: ffffffc038f872a8 x22: dead000000000100 
[   73.649670] x21: 0000000000000000 x20: 0000000000000140 
[   73.736213] x19: ffffffc038013d00 x18: 0000000000000010 
[   73.822742] x17: ffffffbf00e02c00 x16: 0000000000000000 
[   73.909274] x15: 0000000000000006 x14: 0720072007200720 
[   73.995817] x13: 0720072007200720 x12: 0720072007200720 
[   74.082346] x11: 0000000000000001 x10: ffffff8008003e90 
[   74.168885] x9 : ffffffc03af860f0 x8 : 0000000000000000 
[   74.255422] x7 : 0000000000000104 x6 : 00000000fa042000 
[   74.341956] x5 : ffffff800809a8e0 x4 : 000000403252a000 
[   74.428485] x3 : 0000000000000001 x2 : ffffff8008768088 
[   74.515022] x1 : ffffff8008768000 x0 : ffffffc038f07810 
[   74.601595] Process swapper/0 (pid: 0, stack limit = 0xffffff8008c50000)
[   74.710601] Call trace:
[   74.750437] Exception stack(0xffffff8008003cb0 to 0xffffff8008003df0)
[   74.855257] 3ca0:                                   ffffffc038f07810 ffffff8008768000
[   74.982725] 3cc0: ffffff8008768088 0000000000000001 000000403252a000 ffffff800809a8e0
[   75.110192] 3ce0: 00000000fa042000 0000000000000104 0000000000000000 ffffffc03af860f0
[   75.237662] 3d00: ffffff8008003e90 0000000000000001 0720072007200720 0720072007200720
[   75.365140] 3d20: 0720072007200720 0000000000000006 0000000000000000 ffffffbf00e02c00
[   75.492611] 3d40: 0000000000000010 ffffffc038013d00 0000000000000140 0000000000000000
[   75.620087] 3d60: dead000000000100 ffffffc038f872a8 ffffffc038f87218 0000000000000038
[   75.747560] 3d80: 0000000000000101 ffffff80088e7000 ffffff8008c55000 ffffff8008003df0
[   75.875017] 3da0: ffffff80085e61ec ffffff8008003df0 ffffff80085e6228 00000000800001c5
[   76.002476] 3dc0: 0000000000000000 dead000000000100 0000007fffffffff ffffffc038f87218
[   76.129913] 3de0: ffffff8008003df0 ffffff80085e6228
[   76.209351] [<ffffff80085e6228>] bcm2835_sdhost_dma_complete+0xb0/0x1c8
[   76.317100] [<ffffff800848f718>] vchan_complete+0x148/0x1a8
[   76.407855] [<ffffff80080a7c04>] tasklet_action+0xac/0x158
[   76.497173] [<ffffff8008081bfc>] __do_softirq+0x16c/0x3a8
[   76.585040] [<ffffff80080a76a8>] irq_exit+0xb8/0xd0
[   76.664484] [<ffffff80080f90a0>] __handle_domain_irq+0x90/0x100
[   76.760835] [<ffffff80080817f0>] bcm2836_arm_irqchip_handle_irq+0x68/0xc8
[   76.871273] Exception stack(0xffffff8008c53dc0 to 0xffffff8008c53f00)
[   76.976104] 3dc0: 0000000000000000 ffffff8008903740 ffffff8008a57010 0000000000000001
[   77.103571] 3de0: 000000403252a000 00ffffffffffffff 00000000b19614e8 0000000000000002
[   77.231050] 3e00: ffffff8008c60560 ffffff8008c53e80 0000000000001980 0000000000000002
[   77.358503] 3e20: 0000000000000070 0000000000000003 0720072007200720 0000000000000006
[   77.485973] 3e40: 0000000000000000 ffffffbf00e02c00 0000000000000010 ffffff8008c58000
[   77.613446] 3e60: 0000000000000000 ffffff8008a60e80 ffffff80088e2d80 0000000000000000
[   77.740899] 3e80: 0000000000000000 0000000000000000 0000000000000000 0000000000000000
[   77.868375] 3ea0: 00000000009b0018 ffffff8008c53f00 ffffff8008085970 ffffff8008c53f00
[   77.995853] 3ec0: ffffff8008085974 0000000000000145 ffffff8008a60e80 ffffff80088e2d80
[   78.123332] 3ee0: ffffffffffffffff ffffff8008c58000 ffffff8008c53f00 ffffff8008085974
[   78.250806] [<ffffff8008083134>] el1_irq+0xb4/0x12c
[   78.330235] [<ffffff8008085974>] arch_cpu_idle+0x2c/0x1c0
[   78.418200] [<ffffff8008754894>] default_idle_call+0x24/0x40
[   78.510375] [<ffffff80080e6ea4>] do_idle+0x18c/0x1a0
[   78.591177] [<ffffff80080e708c>] cpu_startup_entry+0x2c/0x30
[   78.683310] [<ffffff800874e9f0>] rest_init+0xd0/0xe0
[   78.764191] [<ffffff80089b0d18>] start_kernel+0x3a8/0x3bc
[   78.852114] Code: 7100087f 540008e8 f9401c25 b40000a5 (b94032a2) 
[   78.951311] ---[ end trace 7c7790e6fcfdf4e4 ]---
[   79.026441] Kernel panic - not syncing: Fatal exception in interrupt
[   79.129911] Kernel Offset: disabled
[   79.186668] CPU features: 0x0802004
[   79.243376] Memory Limit: none
[   79.293174] ---[ end Kernel panic - not syncing: Fatal exception in interrupt




32bit uboot 2016.9 success but does not have fdt apply for overlay, so moving forward to next version


 2111  git clone --depth 1 -b v2016.09.01 git://git.denx.de/u-boot.git
 2114  git clone --depth 1 https://github.com/raspberrypi/firmware

 2131  CROSS_COMPILE=arm-linux-gnueabi- make rpi_3_32b_defconfig
 2132  CROSS_COMPILE=arm-linux-gnueabi- make -j4

script for uboot:
setenv fdt_addr_r 0x2000000
setenv fdtfile bcm2710-rpi-3-b.dtb
atf_load_addr=0x08400000
atf_file=optee.bin
setenv kernel_addr_r 0x10000000
fatload mmc 0:1 ${fdt_addr_r} ${fdtfile}
fatload mmc 0:1 ${atf_load_addr} ${atf_file}
fatload mmc 0:1 ${kernel_addr_r} Image

baudrate=115200
sttyconsole=ttyS0
ttyconsole=tty0

setenv bootargs console=${ttyconsole} console=${sttyconsole},${baudrate}
setenv bootargs ${bootargs} root=/dev/mmcblk0p2 rw rootfs=ext4
setenv bootargs ${bootargs} smsc95xx.macaddr=${ethaddr} 'ignore_loglevel dma.dmachans=0x7f35 rootwait 8250.nr_uarts=1 elevator=deadline fsck.repair=yes bcm2708_fb.fbwidth=1920 bcm2708_fb.fbheight=1080 vc_mem.mem_base=0x3dc00000 vc_mem.mem_size=0x3f000000'

booti ${kernel_addr_r} - ${fdt_addr_r}
bootm? seems like bootm is for 32bit kernel image

CROSS_COMPILE=~/devel/optee/toolchains/aarch64/bin/aarch64-linux-gnu- make rpi_3_defconfig
CROSS_COMPILE=~/devel/optee/toolchains/aarch64/bin/aarch64-linux-gnu- make -j4

get 64bit u-boot

optee uboot use old_kernel=1 to load kernel from 0x0 while 
my uboot 64bit cannot use that option.

now need to add overlay


./tools/mkenvimage -s 0x4000 -o uboot.env ./uboot.env.txt

my uboot.bin cannot turn on disable_commandline_tags=1. it needs that to pass ATAGS from start.elf.

2 issues now:
1). kernel doesnot pass control to armtf
2). fdt resize ok, but apply overlay fail. check https://bugs.debian.org/cgi-bin/bugreport.cgi?bug=884003 to resolve this isse.

1)
build linux-rt with optee build does not work
try linux original

   Booting using the fdt blob at 0x2000000
   reserving fdt memory region: addr=0 size=1000
???   reserving fdt memory region: addr=8000000 size=2000000 ??? this is added by dtb!!!!
   Loading Device Tree to 000000003af40000, end 000000003af4643f ... OK

now checking diff between linux-rt dtb and linux dtb

original optee rpi3:
## 6.7 Physical memory map

|Physical address|Component|
|----------------|------|
| 0x0            | Stubs + U-boot, U-boot self-relocates to high memory |
| 0x80000        | Linux image        |
| 0x01700000     | Linux DTS          |
| 0x08000000     | Non-secure SHM     |
| 0x08400000     | BL31               |
| 0x08420000     | BL32 (OP-TEE core) |


U-Boot> setenv kernel_addr_r 80000
U-Boot> run remote_load_kernel    
U-Boot> setenv fdt_addr_r 1700000
U-Boot> dhcp ${fdt_addr_r} 192.168.0.174:bcm2710-rpi-3-b.dtb
reading bcm2710-rpi-3-b.dtb
25311 bytes read in 19 ms (1.3 MiB/s)
U-Boot> run load_firmware 
reading optee.bin
419024 bytes read in 44 ms (9.1 MiB/s)
U-Boot> run manualboot

this does not work so may need stubs!

indeed, stubs start with :

		mov	x0, #0x40000000
		str	wzr, [x0]
		mov	w1, #0x80000000
		str	w1, [x0, #8]

which is the loading addr for optee core.

now adding stub to my uboot.
cat $(RPI3_HEAD_BIN) $(U-BOOT_BIN) > $(U-BOOT_RPI_BIN)
RPI3_HEAD_BIN		?= $(ROOT)/out/head.bin
U-BOOT_BIN		?= $(U-BOOT_PATH)/u-boot.bin
U-BOOT_RPI_BIN		?= $(U-BOOT_PATH)/u-boot-rpi.bin

doesnot work after patch. why?

# 2. Upstream?
This is a working setup, but there are quite a few patches that are put on top
of forks and some of the patches has been put together by just pulling files
instead of (correctly) cherry-pick patches from various projects. For some of
the projects it could take some time to get the work accepted upstream. Due to
this, things might not initially be on official git's and in some cases things
will be kept on a separate branch. But as time goes by we will gradually
move it over to the official gits. We are fully aware that this is not the
optimal way to do this, but we also know that there is a strong interest among
developers, students, researches to start work and learn more about TEE's using
a Raspberry Pi. So instead of delaying this, we have decided to make what we
have available right away. Hopefully there will be some enthusiast that will
help out making proper upstream patches sooner or later.

| Project | Base fork | What to do |
|---------|-----------|------------|
| linux | https://github.com/Electron752/linux.git commit: b48d47a32b2f27f55904e7248dbe5f8ff434db0a | Three things here. 1. The base is a fork itself and should be upstreamed. 2. Apply patch [arm64: dt: RPI3: Add optee node] 3. We have cherry picked the patches from [LSK OP-TEE 4.4] |
| arm-trusted-firmware | https://github.com/96boards-hikey/arm-trusted-firmware commit: bdec62eeb8f3153a4647770e08aafd56a0bcd42b | This should instead be based on the official OP-TEE fork or even better the official ARM repository. The patch itself should also be upstreamed. |
| U-boot | https://github.com:linaro-swg/u-boot.git | This is just a mirror of the official U-boot git. The patches should be upstreamed. |


next step, get commit clone and check what is the patch through diff

You could "reset" your repository to any commit you want (e.g. 1 month ago).

Use git-reset for that:

git clone [remote_address_here] my_repo
cd my_repo
git reset --hard [ENTER HERE THE COMMIT HASH YOU WANT]

-- testing start.elf load device tree and overlay again, suspecting missing config.txt for overlays directory.

enable_uart=1
arm_control=0x200
kernel=u-boot.bin

works and seems to have transfered dtb to u-boot because can see machine name. 
enable_uart=1
arm_control=0x200
kernel=u-boot.bin
dtparam=spi=on

works and and has fdt_addr=2eff9c00 as following

U-Boot> md 2eff9c00
2eff9c00: edfe0dd0 72630000 48000000 94590000    ......cr...H..Y.
2eff9c10: 28000000 11000000 10000000 00000000    ...(............
2eff9c20: de090000 4c590000 00000000 00000000    ......YL........
2eff9c30: 00000000 00100000 00000000 00000000    ................
2eff9c40: 00000000 00000000 01000000 00000000    ................
2eff9c50: 03000000 08000000 81090000 0000403b    ............;@..
2eff9c60: 0000c004 03000000 11000000 73090000    ...............s
2eff9c70: 30303030 30303030 63653133 32636563    0000000031eccec2
2eff9c80: 2d6c6500 03000000 23000000 00000000    .el-.......#....
2eff9c90: 70736172 72726562 2c697079 6f6d2d33    raspberrypi,3-mo
2eff9ca0: 2d6c6564 72620062 622c6d63 38326d63    del-b.brcm,bcm28
2eff9cb0: 00003733 03000000 1f000000 0b000000    37..............
2eff9cc0: 70736152 72726562 69502079 4d203320    Raspberry Pi 3 M
2eff9cd0: 6c65646f 52204220 31207665 0400322e    odel B Rev 1.2..

enable_uart=1
arm_control=0x200
kernel=u-boot.bin
dtparam=spi=on
dtparam=i2c1=on
dtparam=i2c1_baudrate=1000000

also works, and printing
U-Boot 2017.11 (Mar 15 2019 - 11:12:42 -0400)

DRAM:  948 MiB
RPI 3 Model B (0xa22082)
MMC:   sdhci@7e300000: 0
reading uboot.env
In:    serial
Out:   serial
Err:   serial
Net:   No ethernet found.
starting USB...
USB0:   Core Release: 2.80a

turns out pi3-disable-bt.dtbo overlay mess with serial uart0 (maybe disabled it, remember for the raspbian image? No serial after boot.) but dtb and dtbo should be device tree setup sent to kernel, so should not work at this time?
navio rgb overlay works. others work.


Currently:
successfully use:
bootstage 1 & 2: git current master rpi3 firmware: bootcode.bin start.efl to load device tree and overlay (copied from navio image) and transfer control to my 2017.3 uboot
bootstage 3: uboot load kernel(built by navio linux-rt 4.14y) and optee.bin(not useful currently) to memory and pass dtb address and transfer control to kernel
bootstage 4: kernel start and load navio rootfs(copied from navio image)

however, the overlay is not correctly loaded.
still need pi3-disable-bt.dtbo?

fdtdump pi3-disable-bt.dtbo:
osboxes@osboxes:~$ fdtdump /my-rpi3-boot-backup/overlays/pi3-disable-bt.dtbo 
/dts-v1/;
// magic:		0xd00dfeed
// totalsize:		0x3ba (954)
// off_dt_struct:	0x38
// off_dt_strings:	0x32c
// off_mem_rsvmap:	0x28
// version:		17
// last_comp_version:	16
// boot_cpuid_phys:	0x0
// size_dt_strings:	0x8e
// size_dt_struct:	0x2f4

/ {
    compatible = "brcm,bcm2708";
    fragment@0 {
        target = <0xffffffff>;
        __overlay__ {
            status = "disabled";
        };
    };
    fragment@1 {
        target = <0xffffffff>;
        __overlay__ {
            pinctrl-names = "default";
            pinctrl-0 = <0xffffffff>;
            status = "okay";
        };
    };
    fragment@2 {
        target = <0xffffffff>;
        __overlay__ {
            brcm,pins;
            brcm,function;
            brcm,pull;
        };
    };
    fragment@3 {
        target = <0xffffffff>;
        __overlay__ {
            brcm,pins;
            brcm,function;
            brcm,pull;
        };
    };
    fragment@4 {
        target-path = "/aliases";
        __overlay__ {
            serial0 = "/soc/serial@7e201000";
            serial1 = "/soc/serial@7e215040";
        };
    };
    __fixups__ {
        uart1 = "/fragment@0:target:0";
        uart0 = "/fragment@1:target:0";
        uart0_pins = "/fragment@1/__overlay__:pinctrl-0:0", "/fragment@2:target:0";
        bt_pins = "/fragment@3:target:0";
    };
};

osboxes@osboxes:~$ fdtdump /my-rpi3-boot-backup/overlays/spi0-4cs.dtbo 
/dts-v1/;
// magic:		0xd00dfeed
// totalsize:		0x478 (1144)
// off_dt_struct:	0x38
// off_dt_strings:	0x3e8
// off_mem_rsvmap:	0x28
// version:		17
// last_comp_version:	16
// boot_cpuid_phys:	0x0
// size_dt_strings:	0x90
// size_dt_struct:	0x3b0

/ {
    compatible = "brcm,bcm2835", "brcm,bcm2708", "brcm,bcm2709";
    fragment@0 {
        target = <0xffffffff>;
        __overlay__ {
            brcm,pins = <0x00000008 0x00000002 0x6d656e74 0x0000000b>;
        };
    };
    fragment@1 {
        target = <0xffffffff>;
        __overlay__ {
            #size-cells = <0x00000000>;
            #address-cells = <0x00000001>;
            cs-gpios = <0xffffffff 0x00000007 0x00000001 0x00000001 0x00000003 0x65760000 0x00000002 0x00000001 0x00000000 0x0007a120 0x6f6b6179 0x0000005d>;
            spidev@2 {
                compatible = "spidev";
                reg = <0x00000002>;
                #address-cells = <0x00000001>;
                #size-cells = <0x00000000>;
                spi-max-frequency = <0x0007a120>;
                status = "okay";
                phandle = <0x00000001>;
            };
            spidev@3 {
                compatible = "spidev";
                reg = <0x00000003>;
                #address-cells = <0x00000001>;
                #size-cells = <0x00000000>;
                spi-max-frequency = <0x0007a120>;
                status = "okay";
                phandle = <0x00000002>;
            };
        };
    };
    __symbols__ {
        spidev0_2 = "/fragment@1/__overlay__/spidev@2";
        spidev0_3 = "/fragment@1/__overlay__/spidev@3";
    };
    __fixups__ {
        spi0_cs_pins = "/fragment@0:target:0";
        spi0 = "/fragment@1:target:0";
        gpio = "/fragment@1/__overlay__:cs-gpios:0", "/fragment@1/__overlay__:cs-gpios:12", "/fragment@1/__overlay__:cs-gpios:24", "/fragment@1/__overlay__:cs-gpios:36";
    };
};

osboxes@osboxes:~$ fdtdump /my-rpi3-boot-backup/overlays/spi1-1cs.dtbo 
/dts-v1/;
// magic:		0xd00dfeed
// totalsize:		0x60b (1547)
// off_dt_struct:	0x38
// off_dt_strings:	0x538
// off_mem_rsvmap:	0x28
// version:		17
// last_comp_version:	16
// boot_cpuid_phys:	0x0
// size_dt_strings:	0xd3
// size_dt_struct:	0x500

/ {
    compatible = "brcm,bcm2835", "brcm,bcm2708", "brcm,bcm2709";
    fragment@0 {
        target = <0xffffffff>;
        __overlay__ {
            spi1_pins {
                brcm,pins = <0x00000013 0x00000004 0x00000004>;
                brcm,function = <0x00000003>;
                phandle = <0x00000001>;
            };
            spi1_cs_pins {
                brcm,pins = <0x00000012>;
                brcm,function = <0x00000001>;
                phandle = <0x00000002>;
            };
        };
    };
    fragment@1 {
        target = <0xffffffff>;
        __overlay__ {
            #address-cells = <0x00000001>;
            #size-cells = <0x00000000>;
            pinctrl-names = "default";
            pinctrl-0 = <0x00000001 0x00000065>;
            cs-gpios = <0xffffffff 0x00000005 0x00000003>;
            status = "okay";
            phandle = <0x00000003>;
            spidev@0 {
                compatible = "spidev";
                reg = <0x00000000>;
                #address-cells = <0x00000001>;
                #size-cells = <0x00000000>;
                spi-max-frequency = <0x07735940>;
                status = "okay";
                phandle = <0x00000004>;
            };
        };
    };
    fragment@2 {
        target = <0xffffffff>;
        __overlay__ {
            status = "okay";
        };
    };
    __overrides__ {
        cs0_pin = [00 00 00 02 62 72 63 6d 2c 70 69 6e 73 3a 30 00 00 00 00 03 63 73 2d 67 70 69 6f 73 3a 34 00];
        cs0_spidev = [00 00 00 04 73 74 61 74 75 73 00];
    };
    __symbols__ {
        spi1_pins = "/fragment@0/__overlay__/spi1_pins";
        spi1_cs_pins = "/fragment@0/__overlay__/spi1_cs_pins";
        frag1 = "/fragment@1/__overlay__";
        spidev1_0 = "/fragment@1/__overlay__/spidev@0";
    };
    __fixups__ {
        gpio = "/fragment@0:target:0", "/fragment@1/__overlay__:cs-gpios:0";
        spi1 = "/fragment@1:target:0";
        aux = "/fragment@2:target:0";
    };
    __local_fixups__ {
        fragment@1 {
            __overlay__ {
                pinctrl-0 = <0x00000000 0x00000001>;
            };
        };
        __overrides__ {
            cs0_pin = <0x00000000 0x00000093>;
            cs0_spidev = <0x00000000>;
        };
    };
};

osboxes@osboxes:~$ fdtdump /my-rpi3-boot-backup/overlays/rcio.dtbo 
/dts-v1/;
// magic:		0xd00dfeed
// totalsize:		0x1af (431)
// off_dt_struct:	0x38
// off_dt_strings:	0x160
// off_mem_rsvmap:	0x28
// version:		17
// last_comp_version:	16
// boot_cpuid_phys:	0x0
// size_dt_strings:	0x4f
// size_dt_struct:	0x128

/ {
    compatible = "brcm,bcm2709";
    fragment@0 {
        target = <0xffffffff>;
        __overlay__ {
            #address-cells = <0x00000001>;
            #size-cells = <0x00000000>;
            status = "okay";
            rcio@0 {
                compatible = "rcio";
                spi-max-frequency = <0x003d0900>;
                reg = <0x00000000>;
                status = "okay";
            };
        };
    };
    __fixups__ {
        spi1 = "/fragment@0:target:0";
    };
};

osboxes@osboxes:~$ fdtdump /my-rpi3-boot-backup/overlays/navio-rgb.dtbo 
/dts-v1/;
// magic:		0xd00dfeed
// totalsize:		0x2d8 (728)
// off_dt_struct:	0x38
// off_dt_strings:	0x2a8
// off_mem_rsvmap:	0x28
// version:		17
// last_comp_version:	16
// boot_cpuid_phys:	0x0
// size_dt_strings:	0x30
// size_dt_struct:	0x270

/ {
    compatible = "brcm,bcm2835";
    fragment@0 {
        target = <0xffffffff>;
        __overlay__ {
            rgb_led0 {
                gpios = <0xffffffff 0x00000003 0x00000002>;
                default-state = "on";
            };
        };
    };
    fragment@1 {
        target = <0xffffffff>;
        __overlay__ {
            rgb_led1 {
                gpios = <0xffffffff 0x00000003 0x00000002>;
                default-state = "on";
            };
        };
    };
    fragment@2 {
        target = <0xffffffff>;
        __overlay__ {
            rgb_led2 {
                gpios = <0xffffffff 0x00000003 0x00000002>;
                default-state = "on";
            };
        };
    };
    __fixups__ {
        leds = "/fragment@0:target:0", "/fragment@1:target:0", "/fragment@2:target:0";
        gpio = "/fragment@0/__overlay__/rgb_led0:gpios:0", "/fragment@1/__overlay__/rgb_led1:gpios:0", "/fragment@2/__overlay__/rgb_led2:gpios:0";
    };
};


kernel7.img in emild image is bad Linux ARM64 Image magic.
why it does not boot is related to where it is load?

check linux-rt kernel7.img, so that i can load kernel7.img in my uboot

linux-common: linux-defconfig
	$(MAKE) -C $(LINUX_PATH) $(LINUX_COMMON_FLAGS)

$(LINUX_PATH)/.config: $(LINUX_DEFCONFIG_COMMON_FILES)
	cd $(LINUX_PATH) && \
		ARCH=$(LINUX_DEFCONFIG_COMMON_ARCH) \
		scripts/kconfig/merge_config.sh $(LINUX_DEFCONFIG_COMMON_FILES) \
			$(LINUX_DEFCONFIG_BENCH)

LINUX_COMMON_FLAGS ?= LOCALVERSION= CROSS_COMPILE=$(CROSS_COMPILE_NS_KERNEL) // i guess use toolchain here

LINUX_DEFCONFIG_COMMON_ARCH := arm64
LINUX_DEFCONFIG_COMMON_FILES := \
		$(LINUX_PATH)/arch/arm64/configs/bcmrpi3_defconfig \
		$(CURDIR)/kconfigs/rpi3.conf

linux-defconfig: $(LINUX_PATH)/.config

LINUX_COMMON_FLAGS += ARCH=arm64

linux: linux-common
	$(MAKE) -C $(LINUX_PATH) $(LINUX_COMMON_FLAGS) INSTALL_MOD_STRIP=1 INSTALL_MOD_PATH=$(MODULE_OUTPUT) modules_install

cd $(LINUX_PATH) && ARCH=arm64 scripts/kconfig/merge_config.sh $(LINUX_PATH)/arch/arm64/configs/bcmrpi3_defconfig $(CURDIR)/kconfigs/rpi3.conf  $(CURDIR)/kconfigs/tee_bench.conf -> so basically what i want is simply bcmrpi3_defconfig for generating .config.

curdir is CONFIG_TEE=y CONFIG_OPTEE=y, so merge is not important for now

LINUX_DEFCONFIG_BENCH ?= $(CURDIR)/kconfigs/tee_bench.conf

tee benchmark is also not important for now.

so full compile command is go to linux-rt directory and run:
ARCH=arm64 CROSS_COMPILE=arm-linux-gnueabi- make ./arch/arm64/configs/bcmrpi3_defconfig

CROSS_COMPILE=../toolchains/aarch64/bin/aarch64-linux-gnu-

make= "CROSS_COMPILE ..."

ARCH=arm64 scripts/kconfig/merge_config.sh arch/arm64/configs/bcmrpi3_defconfig

make -C /home/osboxes/devel/optee/build/../linux LOCALVERSION= CROSS_COMPILE=" /home/osboxes/devel/optee/build/../toolchains/aarch64/bin/aarch64-linux-gnu-" ARCH=arm64
make -C /home/osboxes/devel/optee/build/../linux LOCALVERSION= CROSS_COMPILE=" /home/osboxes/devel/optee/build/../toolchains/aarch64/bin/aarch64-linux-gnu-" ARCH=arm64 INSTALL_MOD_STRIP=1 INSTALL_MOD_PATH=/home/osboxes/devel/optee/build/../module_output modules_install

uboot:
CROSS_COMPILE=/home/osboxes/devel/optee/build/../toolchains/aarch64/bin/aarch64-linux-gnu- ARCH=arm64 make -C /home/osboxes/Desktop/my_rpi_boot/u-boot rpi_3_defconfig
CROSS_COMPILE=/home/osboxes/devel/optee/build/../toolchains/aarch64/bin/aarch64-linux-gnu- ARCH=arm64 make -C /home/osboxes/Desktop/my_rpi_boot/u-boot all

'/home/osboxes/devel/optee/build/../linux/arch/arm64/boot/Image' -> '/home/osboxes/devel/optee/build/../out-br/target/boot/Image'

show make commands:
make -n does not execute the commands. Thus correct answer is make V=1


mkimage -A arm -O linux -T kernel -C none -a 0x80008000 -e 0x80008000 -n "Linux kernel" -d arch/arm/boot/zImage uImage
 1230  mkimage -A arm -O linux -T kernel -C none -a 0x80008000 -e 0x80008000 -n "Linux kernel" -d navio_kernel.img uImage

root@osboxes:/media/boot# mkimage -A arm -O linux -T kernel -C none -a 0x10000000 -e 0x10000000 -n "Linux kernel" -d navio_kernel.img uImage

U-Boot> fatload mmc 0:1 ${kernel_addr_r} uImage
reading uImage
4992748 bytes read in 383 ms (12.4 MiB/s)
U-Boot> run set_bootargs_tty 
U-Boot> run set_bootargs_mmc 
U-Boot> run set_common_args 
U-Boot> run bo
  board_name board_rev board_rev_scheme board_revision boot_it bootargs
  bootcmd bootdelay
U-Boot> run boot_it
Bad Linux ARM64 Image magic!
U-Boot>bootm ${kernel_addr_r} - ${fdt_addr}
## Booting kernel from Legacy Image at 10000000 ...
   Image Name:   Linux kernel
   Image Type:   ARM Linux Kernel Image (uncompressed)
   Data Size:    4992684 Bytes = 4.8 MiB
   Load Address: 80008000
   Entry Point:  80008000
   Verifying Checksum ... OK
## Flattened Device Tree blob at 2eff9400
   Booting using the fdt blob at 0x2eff9400
   Loading Kernel Image ... "Synchronous Abort" handler, esr 0x96000045
ELR:     3b38bdcc
LR:      3b35dedc
x0 : 000000000000004c x1 : 0000000010000040
x2 : 00000000004c2eac x3 : 00000000004c2eab
x4 : 0000000010000040 x5 : 0000000000000000
x6 : 00000000ffffffd8 x7 : 0000000080008000
x8 : 000000003af48700 x9 : 0000000000000008
x10: 000000003af4d8b0 x11: 000000003af514f8
x12: 0000000000000000 x13: 0000000000000200
x14: 0000000000000000 x15: 00000000ffffffff
x16: 0000000000004110 x17: fe6ee101dfd9659a
x18: 000000003af48e00 x19: 0000000000000000
x20: 0000000080008000 x21: 0000000000000001
x22: 0000000000800000 x23: 0000000080008000
x24: 0000000010000040 x25: 000000003af48948
x26: 0000000000000000 x27: 0000000080008000
x28: 0000000000000000 x29: 000000003af48840

Resetting CPU ...

resetting ...

U-Boot> fatload mmc 0:1 ${kernel_addr_r} uImage
reading uImage
4992748 bytes read in 378 ms (12.6 MiB/s)
U-Boot> run set_bootargs_tty 
U-Boot> run set_bootargs_mmc 
U-Boot> run set_common_args 
U-Boot> bootm ${kernel_addr_r} - ${fdt_addr}
## Booting kernel from Legacy Image at 10000000 ...
   Image Name:   Linux kernel
   Image Type:   ARM Linux Kernel Image (uncompressed)
   Data Size:    4992684 Bytes = 4.8 MiB
   Load Address: 10000000
   Entry Point:  10000000
   Verifying Checksum ... OK
## Flattened Device Tree blob at 2eff9400
   Booting using the fdt blob at 0x2eff9400
   Loading Kernel Image ... OK
   reserving fdt memory region: addr=0 size=1000
   Loading Device Tree to 000000003af3d000, end 000000003af46b5e ... OK

Starting kernel ...

"Synchronous Abort" handler, esr 0x02000000
ELR:     10000000
LR:      3b34ede8
x0 : 0000000000000000 x1 : 0000000000000000
x2 : 000000003af3d000 x3 : 0000000000000000
x4 : 0000000010000000 x5 : 0000000000000000
x6 : 0000000000000008 x7 : 0000000000000000
x8 : 000000003b3a81b0 x9 : 0000000000000002
x10: 000000000a200023 x11: 0000000000000002
x12: 0000000000000002 x13: 00000000000000c8
x14: 000000003af486ec x15: 000000003b34e7b8
x16: 0000000000000002 x17: 000000003af46b5f
x18: 000000003af48e00 x19: 000000003b3b4e20
x20: 0000000000000000 x21: 0000000000000000
x22: 0000000000000003 x23: 000000003af4a7a8
x24: 000000003b3a92a0 x25: 0000000010000040
x26: 000000003b34f28c x27: 0000000010000000
x28: 0000000000000400 x29: 000000003af48820


NOW i want to use linux-rt Image built by navio instead of Image built by optee chain.

turns out linux-rt kernel Image is actually a 32bit image. (should have noticed that earlier because no ARM64bit in config.txt)

osboxes@osboxes:~/devel/optee/linux-rt-rpi$ KERNEL=kernel7
osboxes@osboxes:~/devel/optee/linux-rt-rpi$ make ARCH=arm CROSS_COMPILE=~/devel/optee/toolchains/aarch32/bin/arm-linux-gnueabihf- bcm2709_navio2_defconfig
osboxes@osboxes:~/devel/optee/linux-rt-rpi$ make ARCH=arm CROSS_COMPILE=~/devel/optee/toolchains/aarch32/bin/arm-linux-gnueabihf- -j4 zImage modules dtbs
sudo make modules_install
sudo cp arch/arm/boot/dts/*.dtb /boot/
sudo cp arch/arm/boot/dts/overlays/*.dtb* /boot/overlays/
sudo cp arch/arm/boot/dts/overlays/README /boot/overlays/
sudo cp arch/arm/boot/zImage /boot/$KERNEL.img

change to support linux-rt
in Makefile line 124 change bcm2709_defconfig to bcm2709_navio2_defconfig.
in uboot.env.txt line 31
---load_fdt=fatload mmc 0:1 ${fdt_addr_r} bcm2710-rpi-3-b-plus.dtb
+++load_fdt=fatload mmc 0:1 ${fdt_addr_r} bcm2710-rpi-3-b.dtb

change linux to linux-rt folder (use absolute address to avoid recompiling .o files)

make patch to add optee device tree node to linux kernel dts.


CONFIG_TEE=y
CONFIG_OPTEE=y

for now

CONFIG_TEE=m
CONFIG_OPTEE=m

if i want to change the driver in the future

Currently use uboot to load dts
load_fdt=fatload mmc 0:1 ${fdt_addr_r} bcm2710-rpi-3-b.dtb
mmcboot=run load_kernel; run load_fdt; run set_bootargs_tty set_bootargs_mmc set_common_args; run boot_m

I either:
1. fdt apply overlay
2. change it to pass fdt dts addr with start.elf


after checking dmesg log between emlid image and my compiled:

also kernel commands are different, shall i copy?

my commands:
[    0.000000] Kernel command line: console=tty0 console=ttyS0,115200 root=/dev/mmcblk0p2 rw rootfs=ext4 smsc95xx.macaddr=b8:27:eb:ec:ce:c2 ignore_loglevel dma.dmachans=0x7f35 memmap=16M$256M rootwait 8250.nr_uarts=1 elevator=deadline fsck.repair=yes bcm2708_fb.fbwidth=1920 bcm2708_fb.fbheight=1080 vc_mem.mem_base=0x3ec00000 vc_mem.mem_size=0x40000000 dwc_otg.fiq_enable=0 dwc_otg.fiq_fsm_enable=0 dwc_otg.nak_holdoff=0




my cpu only come online one

and disable bt does not affect booting and loading overlay.

but my kernel does not load overlay? lets check

my log

[    0.000000] Booting Linux on physical CPU 0x0
[    0.000000] Linux version 4.14.34-emlid-v7+ (osboxes@osboxes) (gcc version 6.2.1 20161016 (Linaro GCC 6.2-2016.11)) #4 SMP PREEMPT Sat Mar 16 00:06:37 EDT 2019
[    0.000000] CPU: ARMv7 Processor [410fd034] revision 4 (ARMv7), cr=10c5383d
[    0.000000] CPU: div instructions available: patching division code
[    0.000000] CPU: PIPT / VIPT nonaliasing data cache, VIPT aliasing instruction cache
[    0.000000] OF: fdt: Machine model: Raspberry Pi 3 Model B Rev 1.2
[    0.000000] debug: ignoring loglevel setting.
[    0.000000] Memory policy: Data cache writealloc
[    0.000000] cma: Reserved 8 MiB at 0x3a400000
[    0.000000] On node 0 totalpages: 242688
[    0.000000] free_area_init_node: node 0, pgdat 80c86f40, node_mem_map b9bab000
[    0.000000]   Normal zone: 2133 pages used for memmap
[    0.000000]   Normal zone: 0 pages reserved
[    0.000000]   Normal zone: 242688 pages, LIFO batch:31
[    0.000000] random: fast init done
[    0.000000] percpu: Embedded 16 pages/cpu @bb3a2000 s36812 r8192 d20532 u65536
[    0.000000] pcpu-alloc: s36812 r8192 d20532 u65536 alloc=16*4096
[    0.000000] pcpu-alloc: [0] 0 [0] 1 [0] 2 [0] 3 
[    0.000000] Built 1 zonelists, mobility grouping on.  Total pages: 240555
[    0.000000] Kernel command line: console=tty0 console=ttyS0,115200 root=/dev/mmcblk0p2 rw rootfs=ext4 smsc95xx.macaddr=b8:27:eb:ec:ce:c2 ignore_loglevel dma.dmachans=0x7f35 memmap=16M$256M rootwait 8250.nr_uarts=1 elevator=deadline fsck.repair=yes bcm2708_fb.fbwidth=1920 bcm2708_fb.fbheight=1080 vc_mem.mem_base=0x3ec00000 vc_mem.mem_size=0x40000000 dwc_otg.fiq_enable=0 dwc_otg.fiq_fsm_enable=0 dwc_otg.nak_holdoff=0
[    0.000000] PID hash table entries: 4096 (order: 2, 16384 bytes)
[    0.000000] Dentry cache hash table entries: 131072 (order: 7, 524288 bytes)
[    0.000000] Inode-cache hash table entries: 65536 (order: 6, 262144 bytes)
[    0.000000] Memory: 940184K/970752K available (7168K kernel code, 636K rwdata, 2188K rodata, 1024K init, 706K bss, 22376K reserved, 8192K cma-reserved)
[    0.000000] Virtual kernel memory layout:
                   vector  : 0xffff0000 - 0xffff1000   (   4 kB)
                   fixmap  : 0xffc00000 - 0xfff00000   (3072 kB)
                   vmalloc : 0xbb800000 - 0xff800000   (1088 MB)
                   lowmem  : 0x80000000 - 0xbb400000   ( 948 MB)
                   modules : 0x7f000000 - 0x80000000   (  16 MB)
                     .text : 0x80008000 - 0x80800000   (8160 kB)
                     .init : 0x80b00000 - 0x80c00000   (1024 kB)
                     .data : 0x80c00000 - 0x80c9f370   ( 637 kB)
                      .bss : 0x80ca71f8 - 0x80d57a64   ( 707 kB)
[    0.000000] SLUB: HWalign=64, Order=0-3, MinObjects=0, CPUs=4, Nodes=1
[    0.000000] ftrace: allocating 24636 entries in 73 pages
[    0.000000] Preemptible hierarchical RCU implementation.
[    0.000000] 	Tasks RCU enabled.
[    0.000000] NR_IRQS: 16, nr_irqs: 16, preallocated irqs: 16
[    0.000000] arch_timer: cp15 timer(s) running at 19.20MHz (phys).
[    0.000000] clocksource: arch_sys_counter: mask: 0xffffffffffffff max_cycles: 0x46d987e47, max_idle_ns: 440795202767 ns
[    0.000007] sched_clock: 56 bits at 19MHz, resolution 52ns, wraps every 4398046511078ns
[    0.000023] Switching to timer-based delay loop, resolution 52ns
[    0.000259] Console: colour dummy device 80x30
[    0.001278] console [tty0] enabled
[    0.001320] Calibrating delay loop (skipped), value calculated using timer frequency.. 38.40 BogoMIPS (lpj=192000)
[    0.001373] pid_max: default: 32768 minimum: 301
[    0.001692] Mount-cache hash table entries: 2048 (order: 1, 8192 bytes)
[    0.001733] Mountpoint-cache hash table entries: 2048 (order: 1, 8192 bytes)
[    0.002680] Disabling memory control group subsystem
[    0.002777] CPU: Testing write buffer coherency: ok
[    0.003210] CPU0: thread -1, cpu 0, socket 0, mpidr 80000000
[    0.040020] Setting up static identity map for 0x100000 - 0x10003c
[    0.060009] Hierarchical SRCU implementation.
[    0.100077] smp: Bringing up secondary CPUs ...
[    1.201159] CPU1: failed to come online
[    2.322250] CPU2: failed to come online
[    3.443340] CPU3: failed to come online
[    3.443399] smp: Brought up 1 node, 1 CPU
[    3.443428] SMP: Total of 1 processors activated (38.40 BogoMIPS).
[    3.443458] CPU: All CPU(s) started in HYP mode.
[    3.443483] CPU: Virtualization extensions available.
[    3.444194] devtmpfs: initialized
[    3.463989] VFP support v0.3: implementor 41 architecture 3 part 40 variant 3 rev 4
[    3.464355] clocksource: jiffies: mask: 0xffffffff max_cycles: 0xffffffff, max_idle_ns: 19112604462750000 ns
[    3.464412] futex hash table entries: 1024 (order: 4, 65536 bytes)
[    3.465110] pinctrl core: initialized pinctrl subsystem
[    3.465968] NET: Registered protocol family 16
[    3.468596] DMA: preallocated 1024 KiB pool for atomic coherent allocations
[    3.473736] hw-breakpoint: found 5 (+1 reserved) breakpoint and 4 watchpoint registers.
[    3.473778] hw-breakpoint: maximum watchpoint size is 8 bytes.
[    3.474001] Serial: AMBA PL011 UART driver
[    3.476077] bcm2835-mbox 3f00b880.mailbox: mailbox enabled
[    3.476641] uart-pl011 3f201000.serial: could not find pctldev for node /soc/gpio@7e200000/uart0_pins, deferring probe
[    3.533997] bcm2835-dma 3f007000.dma: DMA legacy API manager at bb813000, dmachans=0x1
[    3.535590] SCSI subsystem initialized
[    3.535861] usbcore: registered new interface driver usbfs
[    3.535945] usbcore: registered new interface driver hub
[    3.536146] usbcore: registered new device driver usb
[    3.543630] raspberrypi-firmware soc:firmware: Attached to firmware from 2019-03-06 14:43
[    3.554321] clocksource: Switched to clocksource arch_sys_counter
[    3.672495] VFS: Disk quotas dquot_6.6.0
[    3.672620] VFS: Dquot-cache hash table entries: 1024 (order 0, 4096 bytes)
[    3.672871] FS-Cache: Loaded
[    3.673096] CacheFiles: Loaded
[    3.682055] NET: Registered protocol family 2
[    3.682919] TCP established hash table entries: 8192 (order: 3, 32768 bytes)
[    3.683059] TCP bind hash table entries: 8192 (order: 4, 65536 bytes)
[    3.683270] TCP: Hash tables configured (established 8192 bind 8192)
[    3.683435] UDP hash table entries: 512 (order: 2, 16384 bytes)
[    3.683505] UDP-Lite hash table entries: 512 (order: 2, 16384 bytes)
[    3.683788] NET: Registered protocol family 1
[    3.704445] RPC: Registered named UNIX socket transport module.
[    3.704478] RPC: Registered udp transport module.
[    3.704503] RPC: Registered tcp transport module.
[    3.704529] RPC: Registered tcp NFSv4.1 backchannel transport module.
[    3.716249] hw perfevents: enabled with armv7_cortex_a7 PMU driver, 7 counters available
[    3.717976] workingset: timestamp_bits=14 max_order=18 bucket_order=4
[    3.726632] FS-Cache: Netfs 'nfs' registered for caching
[    3.737366] NFS: Registering the id_resolver key type
[    3.737427] Key type id_resolver registered
[    3.737453] Key type id_legacy registered
[    3.739904] Block layer SCSI generic (bsg) driver version 0.4 loaded (major 250)
[    3.750165] io scheduler noop registered
[    3.750194] io scheduler deadline registered (default)
[    3.750517] io scheduler cfq registered
[    3.750545] io scheduler mq-deadline registered
[    3.750572] io scheduler kyber registered
[    3.753595] BCM2708FB: allocated DMA memory fa510000
[    3.753650] BCM2708FB: allocated DMA channel 0 @ bb813000
[    3.805939] Console: switching to colour frame buffer device 240x67
[    3.833450] Serial: 8250/16550 driver, 1 ports, IRQ sharing enabled
[    3.835221] bcm2835-rng 3f104000.rng: hwrng registered
[    3.835511] vc-mem: phys_addr:0x00000000 mem_base=0x3ec00000 mem_size:0x40000000(1024 MiB)
[    3.836234] vc-sm: Videocore shared memory driver
[    3.846920] brd: module loaded
[    3.857289] loop: module loaded
[    3.857423] Loading iSCSI transport class v2.0-870.
[    3.868308] libphy: Fixed MDIO Bus: probed
[    3.868517] usbcore: registered new interface driver lan78xx
[    3.868733] usbcore: registered new interface driver smsc95xx
[    3.868898] dwc_otg: version 3.00a 10-AUG-2012 (platform bus)
[    4.079565] Core Release: 2.80a
[    4.079669] Setting default values for core params
[    4.079815] Finished setting default values for core params
[    4.280200] Using Buffer DMA mode
[    4.280295] Periodic Transfer Interrupt Enhancement - disabled
[    4.280441] Multiprocessor Interrupt Enhancement - disabled
[    4.280582] OTG VER PARAM: 0, OTG VER FLAG: 0
[    4.280699] Dedicated Tx FIFOs mode
[    4.281039] dwc_otg: Microframe scheduler enabled
[    4.281227] dwc_otg 3f980000.usb: DWC OTG Controller
[    4.281381] dwc_otg 3f980000.usb: new USB bus registered, assigned bus number 1
[    4.281587] dwc_otg 3f980000.usb: irq 39, io mem 0x00000000
[    4.281768] Init: Port Power? op_state=1
[    4.281872] Init: Power Port (0)
[    4.282198] usb usb1: New USB device found, idVendor=1d6b, idProduct=0002
[    4.282373] usb usb1: New USB device strings: Mfr=3, Product=2, SerialNumber=1
[    4.282552] usb usb1: Product: DWC OTG Controller
[    4.282677] usb usb1: Manufacturer: Linux 4.14.34-emlid-v7+ dwc_otg_hcd
[    4.282842] usb usb1: SerialNumber: 3f980000.usb
[    4.283580] hub 1-0:1.0: USB hub found
[    4.283725] hub 1-0:1.0: 1 port detected
[    4.290491] dwc_otg: FIQ disabled
[    4.296614] dwc_otg: NAK holdoff disabled
[    4.302608] dwc_otg: FIQ split-transaction FSM disabled
[    4.308687] Module dwc_common_port init
[    4.324929] usbcore: registered new interface driver usb-storage
[    4.331108] mousedev: PS/2 mouse device common for all mice
[    4.337694] bcm2835-wdt 3f100000.watchdog: Broadcom BCM2835 watchdog timer
[    4.344020] bcm2835-cpufreq: min=600000 max=1200000
[    4.351909] sdhci: Secure Digital Host Controller Interface driver
[    4.355126] sdhci: Copyright(c) Pierre Ossman
[    4.358492] mmc-bcm2835 3f300000.mmc: could not get clk, deferring probe
[    4.361938] sdhost-bcm2835 3f202000.mmc: could not get clk, deferring probe
[    4.365183] sdhci-pltfm: SDHCI platform and OF driver helper
[    4.369641] ledtrig-cpu: registered to indicate activity on CPUs
[    4.373011] hidraw: raw HID events driver (C) Jiri Kosina
[    4.376357] usbcore: registered new interface driver usbhid
[    4.379565] usbhid: USB HID core driver
[    4.383044] vchiq: vchiq_init_state: slot_zero = ba580000, is_master = 0
[    4.387643] [vc_sm_connected_init]: start
[    4.397315] [vc_sm_connected_init]: end - returning 0
[    4.400585] optee: probing for conduit method from DT.
[    4.407605] optee: initialized driver
[    4.411012] Initializing XFRM netlink socket
[    4.414168] NET: Registered protocol family 17
[    4.417291] Key type dns_resolver registered
[    4.420816] Registering SWP/SWPB emulation handler
[    4.424437] registered taskstats version 1
[    4.431682] uart-pl011 3f201000.serial: cts_event_workaround enabled
[    4.435013] 3f201000.serial: ttyAMA0 at MMIO 0x3f201000 (irq = 87, base_baud = 0) is a PL011 rev2
[    4.439360] console [ttyS0] disabled
[    4.442670] 3f215040.serial: ttyS0 at MMIO 0x0 (irq = 166, base_baud = 31250000) is a 16550
[    5.454938] console [ttyS0] enabled
[    5.462182] mmc-bcm2835 3f300000.mmc: mmc_debug:0 mmc_debug2:0
[    5.471410] mmc-bcm2835 3f300000.mmc: Forcing PIO mode
[    5.490410] Indeed it is in host mode hprt0 = 00021501
[    5.579128] sdhost: log_buf @ ba504000 (fa504000)
[    5.595572] mmc1: queuing unknown CIS tuple 0x80 (2 bytes)
[    5.615816] mmc1: queuing unknown CIS tuple 0x80 (3 bytes)
[    5.626306] mmc1: queuing unknown CIS tuple 0x80 (3 bytes)
[    5.637754] mmc1: queuing unknown CIS tuple 0x80 (7 bytes)
[    5.684319] mmc0: sdhost-bcm2835 loaded - DMA enabled (>1)
[    5.693914] of_cfs_init
[    5.719595] usb 1-1: new high-speed USB device number 2 using dwc_otg
[    5.719684] Indeed it is in host mode hprt0 = 00001101
[    5.760345] of_cfs_init: OK
[    5.781952] Waiting for root device /dev/mmcblk0p2...
[    5.805494] mmc1: new high speed SDIO card at address 0001
[    5.821707] mmc0: host does not support reading read-only switch, assuming write-enable
[    5.840751] mmc0: new high speed SDHC card at address 1234
[    5.849855] mmcblk0: mmc0:1234 SA04G 3.64 GiB
[    5.859422]  mmcblk0: p1 p2
[    5.885906] EXT4-fs (mmcblk0p2): couldn't mount as ext3 due to feature incompatibilities
[    5.898912] EXT4-fs (mmcblk0p2): couldn't mount as ext2 due to feature incompatibilities
[    5.943261] EXT4-fs (mmcblk0p2): mounted filesystem with ordered data mode. Opts: (null)
[    5.954884] VFS: Mounted root (ext4 filesystem) on device 179:2.
[    5.965961] devtmpfs: mounted
[    5.974778] Freeing unused kernel memory: 1024K
[    6.014528] usb 1-1: New USB device found, idVendor=0424, idProduct=9514
[    6.024906] usb 1-1: New USB device strings: Mfr=0, Product=0, SerialNumber=0
[    6.036034] hub 1-1:1.0: USB hub found
[    6.043471] hub 1-1:1.0: 5 ports detected
[    6.364393] usb 1-1.1: new high-speed USB device number 3 using dwc_otg
[    6.467945] systemd[1]: System time before build time, advancing clock.
[    6.504986] usb 1-1.1: New USB device found, idVendor=0424, idProduct=ec00
[    6.519055] usb 1-1.1: New USB device strings: Mfr=0, Product=0, SerialNumber=0
[    6.539821] smsc95xx v1.0.6
[    6.572179] systemd[1]: systemd 232 running in system mode. (+PAM +AUDIT +SELINUX +IMA +APPARMOR +SMACK +SYSVINIT +UTMP +LIBCRYPTSETUP +GCRYPT +GNUTLS +ACL +XZ +LZ4 +SECCOMP +BLKID +ELFUTILS +KMOD +IDN)
[    6.598669] systemd[1]: Detected architecture arm.
[    6.646265] systemd[1]: Set hostname to <navio>.
[    6.669759] smsc95xx 1-1.1:1.0 eth0: register 'smsc95xx' at usb-3f980000.usb-1.1, smsc95xx USB 2.0 Ethernet, b8:27:eb:ec:ce:c2
[    7.363027] systemd[1]: Listening on Journal Socket (/dev/log).
[    7.404880] systemd[1]: Started Forward Password Requests to Wall Directory Watch.
[    7.454696] systemd[1]: Listening on udev Kernel Socket.
[    7.494660] systemd[1]: Listening on fsck to fsckd communication Socket.
[    7.544824] systemd[1]: Listening on Journal Socket.
[    7.584780] systemd[1]: Listening on /dev/initctl Compatibility Named Pipe.
[    7.634751] systemd[1]: Listening on udev Control Socket.
[    7.684433] Under-voltage detected! (0x00050005)
[    7.938867] random: crng init done
[    9.108261] EXT4-fs (mmcblk0p2): re-mounted. Opts: (null)
[    9.442784] systemd-journald[107]: Received request to flush runtime journal from PID 1
[   11.801795] smsc95xx 1-1.1:1.0 enxb827ebeccec2: renamed from eth0
[   13.718062] smsc95xx 1-1.1:1.0 enxb827ebeccec2: hardware isn't capable of remote wakeup
[   14.050077] Adding 102396k swap on /var/swap.  Priority:-2 extents:1 across:102396k SSFS
[   15.317914] smsc95xx 1-1.1:1.0 enxb827ebeccec2: link up, 100Mbps, full-duplex, lpa 0xCDE1
[   16.004850] Voltage normalised (0x00000000)
[   36.804556] Under-voltage detected! (0x00050005)
[   49.284567] Voltage normalised (0x00000000)
[  OK  ] Started Show Plymouth Boot Screen.
[  OK  ] Started Forward Password Requests to Plymouth Directory Watch.
[  OK  ] Reached target Paths.
[  OK  ] Reached target Encrypted Volumes.
[  OK  ] Found device /dev/ttyS0.
[  OK  ] Found device /dev/disk/by-partuuid/9f8abb05-01.
         Starting File System Check on /dev/disk/by-partuuid/9f8abb05-01...
[  OK  ] Started File System Check Daemon to report status.
[  OK  ] Started File System Check on /dev/disk/by-partuuid/9f8abb05-01.
         Mounting /boot...
[  OK  ] Mounted /boot.
[  OK  ] Reached target Local File Systems.
         Starting Create Volatile Files and Directories...
         Starting Raise network interfaces...
         Starting Preprocess NFS configuration...
         Starting Set console font and keymap...
         Starting Tell Plymouth To Write Out Runtime Data...
         Starting Enable support for additional executable binary formats...
[  OK  ] Started Preprocess NFS configuration.
[  OK  ] Started Create Volatile Files and Directories.
[  OK  ] Started Set console font and keymap.
[  OK  ] Started Tell Plymouth To Write Out Runtime Data.
         Mounting Arbitrary Executable File Formats File System...
         Starting Update UTMP about System Boot/Shutdown...
         Starting Network Time Synchronization...
[  OK  ] Reached target NFS client services.
[  OK  ] Reached target Remote File Systems (Pre).
[  OK  ] Reached target Remote File Systems.
[FAILED] Failed to mount Arbitrary Executable File Formats File System.
See 'systemctl status proc-sys-fs-binfmt_misc.mount' for details.
[  OK  ] Started Enable support for additional executable binary formats.
[  OK  ] Started Update UTMP about System Boot/Shutdown.
[  OK  ] Started Network Time Synchronization.
[  OK  ] Reached target System Initialization.
[  OK  ] Listening on Avahi mDNS/DNS-SD Stack Activation Socket.
[  OK  ] Started Daily Cleanup of Temporary Directories.
[  OK  ] Listening on D-Bus System Message Bus Socket.
[  OK  ] Listening on triggerhappy.socket.
[  OK  ] Reached target Sockets.
[  OK  ] Reached target Basic System.
[  OK  ] Started D-Bus System Message Bus.
         Starting System Logging Service...
         Starting triggerhappy global hotkey daemon...
         Starting Login Service...
         Starting LSB: Switch to ondemand cp…r (unless shift key is pressed)...
         Starting LSB: Autogenerate and use a swap file...
[  OK  ] Started Regular background program processing daemon.
         Starting Avahi mDNS/DNS-SD Stack...
         Starting Disable WiFi if country not set...
         Starting dhcpcd on all interfaces...
[  OK  ] Reached target System Time Synchronized.
[  OK  ] Started Daily apt download activities.
[  OK  ] Started Daily apt upgrade and clean activities.
[  OK  ] Reached target Timers.
[  OK  ] Started triggerhappy global hotkey daemon.
[  OK  ] Started System Logging Service.
[  OK  ] Started Disable WiFi if country not set.
[  OK  ] Started Raise network interfaces.
[  OK  ] Started Avahi mDNS/DNS-SD Stack.
[  OK  ] Started LSB: Switch to ondemand cpu…nor (unless shift key is pressed).
[  OK  ] Started Login Service.
[  OK  ] Started LSB: Autogenerate and use a swap file.
[  OK  ] Started dhcpcd on all interfaces.
[  OK  ] Reached target Network.
         Starting dnsmasq - A lightweight DHCP and caching DNS server...
         Starting OpenBSD Secure Shell server...
         Starting Permit User Sessions...
[  OK  ] Reached target Network is Online.
         Starting /etc/rc.local Compatibility...
         Starting LSB: Advanced IEEE 802.11 management daemon...
My IP address is 192.168.0.158 
[  OK  ] Started Permit User Sessions.
[  OK  ] Started /etc/rc.local Compatibility.
[  OK  ] Started LSB: Advanced IEEE 802.11 management daemon.
         Starting Terminate Plymouth Boot Screen...
         Starting Hold until boot process finishes up...

emlid image log:
pi@navio:~ $ dmesg
[    0.000000] Booting Linux on physical CPU 0x0
[    0.000000] Linux version 4.14.95-emlid-v7+ (alexander.dranitsa@continuous-disintegrator) (gcc version 5.4.0 20160609 (Ubuntu/Linaro 5.4.0-6ubuntu1~16.04.9)) #1 SMP PREEMPT Mon Feb 4 15:59:56 MSK 2019
[    0.000000] CPU: ARMv7 Processor [410fd034] revision 4 (ARMv7), cr=10c5383d
[    0.000000] CPU: div instructions available: patching division code
[    0.000000] CPU: PIPT / VIPT nonaliasing data cache, VIPT aliasing instruction cache
[    0.000000] OF: fdt: Machine model: Raspberry Pi 3 Model B Rev 1.2
[    0.000000] Memory policy: Data cache writealloc
[    0.000000] cma: Reserved 8 MiB at 0x37800000
[    0.000000] On node 0 totalpages: 229376
[    0.000000] free_area_init_node: node 0, pgdat 80c87500, node_mem_map b7014000
[    0.000000]   Normal zone: 2016 pages used for memmap
[    0.000000]   Normal zone: 0 pages reserved
[    0.000000]   Normal zone: 229376 pages, LIFO batch:31
[    0.000000] percpu: Embedded 16 pages/cpu @b6fc0000 s36812 r8192 d20532 u65536
[    0.000000] pcpu-alloc: s36812 r8192 d20532 u65536 alloc=16*4096
[    0.000000] pcpu-alloc: [0] 0 [0] 1 [0] 2 [0] 3 
[    0.000000] Built 1 zonelists, mobility grouping on.  Total pages: 227360
[    0.000000] Kernel command line: 8250.nr_uarts=0 bcm2708_fb.fbwidth=656 bcm2708_fb.fbheight=416 bcm2708_fb.fbswap=1 vc_mem.mem_base=0x3ec00000 vc_mem.mem_size=0x40000000  dwc_otg.lpm_enable=0 console=tty1 root=/dev/mmcblk0p2 rootfstype=ext4 elevator=deadline fsck.repair=yes rootwait
[    0.000000] PID hash table entries: 4096 (order: 2, 16384 bytes)
[    0.000000] Dentry cache hash table entries: 131072 (order: 7, 524288 bytes)
[    0.000000] Inode-cache hash table entries: 65536 (order: 6, 262144 bytes)
[    0.000000] Memory: 887404K/917504K available (7168K kernel code, 638K rwdata, 2236K rodata, 1024K init, 698K bss, 21908K reserved, 8192K cma-reserved)
[    0.000000] Virtual kernel memory layout:
                   vector  : 0xffff0000 - 0xffff1000   (   4 kB)
                   fixmap  : 0xffc00000 - 0xfff00000   (3072 kB)
                   vmalloc : 0xb8800000 - 0xff800000   (1136 MB)
                   lowmem  : 0x80000000 - 0xb8000000   ( 896 MB)
                   modules : 0x7f000000 - 0x80000000   (  16 MB)
                     .text : 0x80008000 - 0x80800000   (8160 kB)
                     .init : 0x80b00000 - 0x80c00000   (1024 kB)
                     .data : 0x80c00000 - 0x80c9f8f0   ( 639 kB)
                      .bss : 0x80ca7048 - 0x80d55920   ( 699 kB)
[    0.000000] SLUB: HWalign=64, Order=0-3, MinObjects=0, CPUs=4, Nodes=1
[    0.000000] ftrace: allocating 24648 entries in 73 pages
[    0.000000] Preemptible hierarchical RCU implementation.
[    0.000000] 	Tasks RCU enabled.
[    0.000000] NR_IRQS: 16, nr_irqs: 16, preallocated irqs: 16
[    0.000000] arch_timer: cp15 timer(s) running at 19.20MHz (phys).
[    0.000000] clocksource: arch_sys_counter: mask: 0xffffffffffffff max_cycles: 0x46d987e47, max_idle_ns: 440795202767 ns
[    0.000007] sched_clock: 56 bits at 19MHz, resolution 52ns, wraps every 4398046511078ns
[    0.000025] Switching to timer-based delay loop, resolution 52ns
[    0.000284] Console: colour dummy device 80x30
[    0.001139] console [tty1] enabled
[    0.001178] Calibrating delay loop (skipped), value calculated using timer frequency.. 38.40 BogoMIPS (lpj=192000)
[    0.001233] pid_max: default: 32768 minimum: 301
[    0.001559] Mount-cache hash table entries: 2048 (order: 1, 8192 bytes)
[    0.001602] Mountpoint-cache hash table entries: 2048 (order: 1, 8192 bytes)
[    0.002595] Disabling memory control group subsystem
[    0.002697] CPU: Testing write buffer coherency: ok
[    0.003169] CPU0: thread -1, cpu 0, socket 0, mpidr 80000000
[    0.040015] Setting up static identity map for 0x100000 - 0x10003c
[    0.060008] Hierarchical SRCU implementation.
[    0.100080] smp: Bringing up secondary CPUs ...
[    0.170565] CPU1: thread -1, cpu 1, socket 0, mpidr 80000001
[    0.240613] CPU2: thread -1, cpu 2, socket 0, mpidr 80000002
[    0.310740] CPU3: thread -1, cpu 3, socket 0, mpidr 80000003
[    0.310880] smp: Brought up 1 node, 4 CPUs
[    0.310987] SMP: Total of 4 processors activated (153.60 BogoMIPS).
[    0.311018] CPU: All CPU(s) started in HYP mode.
[    0.311044] CPU: Virtualization extensions available.
[    0.311975] devtmpfs: initialized
[    0.323095] random: get_random_u32 called from bucket_table_alloc+0xfc/0x24c with crng_init=0
[    0.323784] VFP support v0.3: implementor 41 architecture 3 part 40 variant 3 rev 4
[    0.324062] clocksource: jiffies: mask: 0xffffffff max_cycles: 0xffffffff, max_idle_ns: 19112604462750000 ns
[    0.324119] futex hash table entries: 1024 (order: 4, 65536 bytes)
[    0.324737] pinctrl core: initialized pinctrl subsystem
[    0.325577] NET: Registered protocol family 16
[    0.342638] DMA: preallocated 1024 KiB pool for atomic coherent allocations
[    0.347581] hw-breakpoint: found 5 (+1 reserved) breakpoint and 4 watchpoint registers.
[    0.347625] hw-breakpoint: maximum watchpoint size is 8 bytes.
[    0.347834] Serial: AMBA PL011 UART driver
[    0.349823] bcm2835-mbox 3f00b880.mailbox: mailbox enabled
[    0.350381] uart-pl011 3f201000.serial: could not find pctldev for node /soc/gpio@7e200000/uart0_pins, deferring probe
[    0.384389] bcm2835-dma 3f007000.dma: DMA legacy API manager at b8813000, dmachans=0x1
[    0.386001] SCSI subsystem initialized
[    0.386270] usbcore: registered new interface driver usbfs
[    0.386357] usbcore: registered new interface driver hub
[    0.386477] usbcore: registered new device driver usb
[    0.390692] raspberrypi-firmware soc:firmware: Attached to firmware from 2019-02-12 19:46
[    0.392065] clocksource: Switched to clocksource arch_sys_counter
[    0.512260] VFS: Disk quotas dquot_6.6.0
[    0.512400] VFS: Dquot-cache hash table entries: 1024 (order 0, 4096 bytes)
[    0.512665] FS-Cache: Loaded
[    0.512896] CacheFiles: Loaded
[    0.521817] NET: Registered protocol family 2
[    0.522730] TCP established hash table entries: 8192 (order: 3, 32768 bytes)
[    0.522870] TCP bind hash table entries: 8192 (order: 4, 65536 bytes)
[    0.523083] TCP: Hash tables configured (established 8192 bind 8192)
[    0.523247] UDP hash table entries: 512 (order: 2, 16384 bytes)
[    0.523318] UDP-Lite hash table entries: 512 (order: 2, 16384 bytes)
[    0.523593] NET: Registered protocol family 1
[    0.524083] RPC: Registered named UNIX socket transport module.
[    0.524117] RPC: Registered udp transport module.
[    0.524144] RPC: Registered tcp transport module.
[    0.524171] RPC: Registered tcp NFSv4.1 backchannel transport module.
[    0.525752] hw perfevents: enabled with armv7_cortex_a7 PMU driver, 7 counters available
[    0.527504] workingset: timestamp_bits=14 max_order=18 bucket_order=4
[    0.535902] FS-Cache: Netfs 'nfs' registered for caching
[    0.536561] NFS: Registering the id_resolver key type
[    0.536613] Key type id_resolver registered
[    0.536640] Key type id_legacy registered
[    0.538702] Block layer SCSI generic (bsg) driver version 0.4 loaded (major 251)
[    0.538876] io scheduler noop registered
[    0.538906] io scheduler deadline registered (default)
[    0.539102] io scheduler cfq registered
[    0.539130] io scheduler mq-deadline registered
[    0.539158] io scheduler kyber registered
[    0.542486] BCM2708FB: allocated DMA memory f7910000
[    0.542541] BCM2708FB: allocated DMA channel 0 @ b8813000
[    0.551134] Console: switching to colour frame buffer device 82x26
[    0.559703] bcm2835-rng 3f104000.rng: hwrng registered
[    0.562086] vc-mem: phys_addr:0x00000000 mem_base=0x3ec00000 mem_size:0x40000000(1024 MiB)
[    0.567246] vc-sm: Videocore shared memory driver
[    0.580038] brd: module loaded
[    0.592352] loop: module loaded
[    0.594549] Loading iSCSI transport class v2.0-870.
[    0.597417] libphy: Fixed MDIO Bus: probed
[    0.599652] usbcore: registered new interface driver lan78xx
[    0.601900] usbcore: registered new interface driver smsc95xx
[    0.604137] dwc_otg: version 3.00a 10-AUG-2012 (platform bus)
[    0.634194] dwc_otg 3f980000.usb: base=0xf0980000
[    0.836432] Core Release: 2.80a
[    0.838468] Setting default values for core params
[    0.840576] Finished setting default values for core params
[    1.042978] Using Buffer DMA mode
[    1.045127] Periodic Transfer Interrupt Enhancement - disabled
[    1.047396] Multiprocessor Interrupt Enhancement - disabled
[    1.049676] OTG VER PARAM: 0, OTG VER FLAG: 0
[    1.051978] Dedicated Tx FIFOs mode
[    1.054600] WARN::dwc_otg_hcd_init:1046: FIQ DMA bounce buffers: virt = 0xb7904000 dma = 0xf7904000 len=9024
[    1.059215] FIQ FSM acceleration enabled for :
               Non-periodic Split Transactions
               Periodic Split Transactions
               High-Speed Isochronous Endpoints
